------------------------------------------------------------
Timing Analyzer Summary
------------------------------------------------------------

Type  : Slow 1100mV 85C Model Setup 'CLOCK_50_B3B'
Slack : -2.652
TNS   : -464.700

Type  : Slow 1100mV 85C Model Setup 'u0|pcie_cv_hip_avmm_0|c5_hip_ast|altpcie_av_hip_ast_hwtcl|altpcie_av_hip_128bit_atom|g_cavhip.arriav_hd_altpe2_hip_top|coreclkout'
Slack : -1.876
TNS   : -140.204

Type  : Slow 1100mV 85C Model Setup 'altera_reserved_tck'
Slack : 10.175
TNS   : 0.000

Type  : Slow 1100mV 85C Model Setup 'n/a'
Slack : 10.349
TNS   : 0.000

Type  : Slow 1100mV 85C Model Hold 'CLOCK_50_B3B'
Slack : -0.257
TNS   : -0.257

Type  : Slow 1100mV 85C Model Hold 'altera_reserved_tck'
Slack : 0.188
TNS   : 0.000

Type  : Slow 1100mV 85C Model Hold 'u0|pcie_cv_hip_avmm_0|c5_hip_ast|altpcie_av_hip_ast_hwtcl|altpcie_av_hip_128bit_atom|g_cavhip.arriav_hd_altpe2_hip_top|coreclkout'
Slack : 0.247
TNS   : 0.000

Type  : Slow 1100mV 85C Model Hold 'n/a'
Slack : 15.298
TNS   : 0.000

Type  : Slow 1100mV 85C Model Recovery 'CLOCK_50_B3B'
Slack : -0.792
TNS   : -1.555

Type  : Slow 1100mV 85C Model Recovery 'u0|pcie_cv_hip_avmm_0|c5_hip_ast|altpcie_av_hip_ast_hwtcl|altpcie_av_hip_128bit_atom|g_cavhip.arriav_hd_altpe2_hip_top|coreclkout'
Slack : -0.360
TNS   : -2.574

Type  : Slow 1100mV 85C Model Recovery 'altera_reserved_tck'
Slack : 29.450
TNS   : 0.000

Type  : Slow 1100mV 85C Model Removal 'u0|pcie_cv_hip_avmm_0|c5_hip_ast|altpcie_av_hip_ast_hwtcl|altpcie_av_hip_128bit_atom|g_cavhip.arriav_hd_altpe2_hip_top|coreclkout'
Slack : 0.501
TNS   : 0.000

Type  : Slow 1100mV 85C Model Removal 'altera_reserved_tck'
Slack : 0.793
TNS   : 0.000

Type  : Slow 1100mV 85C Model Removal 'CLOCK_50_B3B'
Slack : 0.898
TNS   : 0.000

Type  : Slow 1100mV 85C Model Minimum Pulse Width 'u0|pcie_cv_hip_avmm_0|c5_hip_ast|altpcie_av_hip_ast_hwtcl|altpcie_av_hip_128bit_atom|g_pcie_xcvr.av_xcvr_pipe_native_hip|av_xcvr_tx_pll_inst|pll[0].pll.cmu_pll.tx_pll|clkcdr'
Slack : 0.400
TNS   : 0.000

Type  : Slow 1100mV 85C Model Minimum Pulse Width 'u0|pcie_cv_hip_avmm_0|c5_hip_ast|altpcie_av_hip_ast_hwtcl|altpcie_av_hip_128bit_atom|g_pcie_xcvr.av_xcvr_pipe_native_hip|inst_av_xcvr_native|inst_av_pma|av_rx_pma|rx_pmas[0].rx_pma.rx_cdr|clk90bdes'
Slack : 0.400
TNS   : 0.000

Type  : Slow 1100mV 85C Model Minimum Pulse Width 'u0|pcie_cv_hip_avmm_0|c5_hip_ast|altpcie_av_hip_ast_hwtcl|altpcie_av_hip_128bit_atom|g_pcie_xcvr.av_xcvr_pipe_native_hip|inst_av_xcvr_native|inst_av_pma|av_rx_pma|rx_pmas[1].rx_pma.rx_cdr|clk90bdes'
Slack : 0.400
TNS   : 0.000

Type  : Slow 1100mV 85C Model Minimum Pulse Width 'u0|pcie_cv_hip_avmm_0|c5_hip_ast|altpcie_av_hip_ast_hwtcl|altpcie_av_hip_128bit_atom|g_pcie_xcvr.av_xcvr_pipe_native_hip|inst_av_xcvr_native|inst_av_pma|av_rx_pma|rx_pmas[2].rx_pma.rx_cdr|clk90bdes'
Slack : 0.400
TNS   : 0.000

Type  : Slow 1100mV 85C Model Minimum Pulse Width 'u0|pcie_cv_hip_avmm_0|c5_hip_ast|altpcie_av_hip_ast_hwtcl|altpcie_av_hip_128bit_atom|g_pcie_xcvr.av_xcvr_pipe_native_hip|inst_av_xcvr_native|inst_av_pma|av_rx_pma|rx_pmas[3].rx_pma.rx_cdr|clk90bdes'
Slack : 0.400
TNS   : 0.000

Type  : Slow 1100mV 85C Model Minimum Pulse Width 'u0|pcie_cv_hip_avmm_0|c5_hip_ast|altpcie_av_hip_ast_hwtcl|altpcie_av_hip_128bit_atom|g_pcie_xcvr.av_xcvr_pipe_native_hip|inst_av_xcvr_native|inst_av_pma|av_tx_pma|tx_pma_insts[0].av_tx_pma_ch_inst|tx_pma_ch.tx_cgb|lfclkp'
Slack : 1.998
TNS   : 0.000

Type  : Slow 1100mV 85C Model Minimum Pulse Width 'u0|pcie_cv_hip_avmm_0|c5_hip_ast|altpcie_av_hip_ast_hwtcl|altpcie_av_hip_128bit_atom|g_pcie_xcvr.av_xcvr_pipe_native_hip|inst_av_xcvr_native|inst_av_pma|av_tx_pma|tx_pma_insts[1].av_tx_pma_ch_inst|tx_pma_ch.tx_cgb|lfclkp'
Slack : 1.998
TNS   : 0.000

Type  : Slow 1100mV 85C Model Minimum Pulse Width 'u0|pcie_cv_hip_avmm_0|c5_hip_ast|altpcie_av_hip_ast_hwtcl|altpcie_av_hip_128bit_atom|g_pcie_xcvr.av_xcvr_pipe_native_hip|inst_av_xcvr_native|inst_av_pma|av_tx_pma|tx_pma_insts[2].av_tx_pma_ch_inst|tx_pma_ch.tx_cgb|lfclkp'
Slack : 1.998
TNS   : 0.000

Type  : Slow 1100mV 85C Model Minimum Pulse Width 'u0|pcie_cv_hip_avmm_0|c5_hip_ast|altpcie_av_hip_ast_hwtcl|altpcie_av_hip_128bit_atom|g_pcie_xcvr.av_xcvr_pipe_native_hip|inst_av_xcvr_native|inst_av_pma|av_tx_pma|tx_pma_insts[3].av_tx_pma_ch_inst|tx_pma_ch.tx_cgb|lfclkp'
Slack : 1.998
TNS   : 0.000

Type  : Slow 1100mV 85C Model Minimum Pulse Width 'u0|pcie_cv_hip_avmm_0|c5_hip_ast|altpcie_av_hip_ast_hwtcl|altpcie_av_hip_128bit_atom|g_pcie_xcvr.av_xcvr_pipe_native_hip|inst_av_xcvr_native|inst_av_pcs|ch[0].inst_av_pcs_ch|inst_av_hssi_8g_rx_pcs|wys|txpmaclk'
Slack : 2.000
TNS   : 0.000

Type  : Slow 1100mV 85C Model Minimum Pulse Width 'u0|pcie_cv_hip_avmm_0|c5_hip_ast|altpcie_av_hip_ast_hwtcl|altpcie_av_hip_128bit_atom|g_pcie_xcvr.av_xcvr_pipe_native_hip|inst_av_xcvr_native|inst_av_pcs|ch[0].inst_av_pcs_ch|inst_av_hssi_8g_tx_pcs|wys|txpmalocalclk'
Slack : 2.000
TNS   : 0.000

Type  : Slow 1100mV 85C Model Minimum Pulse Width 'u0|pcie_cv_hip_avmm_0|c5_hip_ast|altpcie_av_hip_ast_hwtcl|altpcie_av_hip_128bit_atom|g_pcie_xcvr.av_xcvr_pipe_native_hip|inst_av_xcvr_native|inst_av_pcs|ch[1].inst_av_pcs_ch|inst_av_hssi_8g_rx_pcs|wys|txpmaclk'
Slack : 2.000
TNS   : 0.000

Type  : Slow 1100mV 85C Model Minimum Pulse Width 'u0|pcie_cv_hip_avmm_0|c5_hip_ast|altpcie_av_hip_ast_hwtcl|altpcie_av_hip_128bit_atom|g_pcie_xcvr.av_xcvr_pipe_native_hip|inst_av_xcvr_native|inst_av_pcs|ch[1].inst_av_pcs_ch|inst_av_hssi_8g_tx_pcs|wys|txpmalocalclk'
Slack : 2.000
TNS   : 0.000

Type  : Slow 1100mV 85C Model Minimum Pulse Width 'u0|pcie_cv_hip_avmm_0|c5_hip_ast|altpcie_av_hip_ast_hwtcl|altpcie_av_hip_128bit_atom|g_pcie_xcvr.av_xcvr_pipe_native_hip|inst_av_xcvr_native|inst_av_pcs|ch[2].inst_av_pcs_ch|inst_av_hssi_8g_rx_pcs|wys|txpmaclk'
Slack : 2.000
TNS   : 0.000

Type  : Slow 1100mV 85C Model Minimum Pulse Width 'u0|pcie_cv_hip_avmm_0|c5_hip_ast|altpcie_av_hip_ast_hwtcl|altpcie_av_hip_128bit_atom|g_pcie_xcvr.av_xcvr_pipe_native_hip|inst_av_xcvr_native|inst_av_pcs|ch[2].inst_av_pcs_ch|inst_av_hssi_8g_tx_pcs|wys|txpmalocalclk'
Slack : 2.000
TNS   : 0.000

Type  : Slow 1100mV 85C Model Minimum Pulse Width 'u0|pcie_cv_hip_avmm_0|c5_hip_ast|altpcie_av_hip_ast_hwtcl|altpcie_av_hip_128bit_atom|g_pcie_xcvr.av_xcvr_pipe_native_hip|inst_av_xcvr_native|inst_av_pcs|ch[3].inst_av_pcs_ch|inst_av_hssi_8g_rx_pcs|wys|txpmaclk'
Slack : 2.000
TNS   : 0.000

Type  : Slow 1100mV 85C Model Minimum Pulse Width 'u0|pcie_cv_hip_avmm_0|c5_hip_ast|altpcie_av_hip_ast_hwtcl|altpcie_av_hip_128bit_atom|g_pcie_xcvr.av_xcvr_pipe_native_hip|inst_av_xcvr_native|inst_av_pcs|ch[3].inst_av_pcs_ch|inst_av_hssi_8g_tx_pcs|wys|txpmalocalclk'
Slack : 2.000
TNS   : 0.000

Type  : Slow 1100mV 85C Model Minimum Pulse Width 'u0|pcie_cv_hip_avmm_0|c5_hip_ast|altpcie_av_hip_ast_hwtcl|altpcie_av_hip_128bit_atom|g_pcie_xcvr.av_xcvr_pipe_native_hip|inst_av_xcvr_native|inst_av_pma|av_rx_pma|rx_pmas[0].rx_pma.rx_pma_deser|clk90b'
Slack : 2.000
TNS   : 0.000

Type  : Slow 1100mV 85C Model Minimum Pulse Width 'u0|pcie_cv_hip_avmm_0|c5_hip_ast|altpcie_av_hip_ast_hwtcl|altpcie_av_hip_128bit_atom|g_pcie_xcvr.av_xcvr_pipe_native_hip|inst_av_xcvr_native|inst_av_pma|av_rx_pma|rx_pmas[1].rx_pma.rx_pma_deser|clk90b'
Slack : 2.000
TNS   : 0.000

Type  : Slow 1100mV 85C Model Minimum Pulse Width 'u0|pcie_cv_hip_avmm_0|c5_hip_ast|altpcie_av_hip_ast_hwtcl|altpcie_av_hip_128bit_atom|g_pcie_xcvr.av_xcvr_pipe_native_hip|inst_av_xcvr_native|inst_av_pma|av_rx_pma|rx_pmas[2].rx_pma.rx_pma_deser|clk90b'
Slack : 2.000
TNS   : 0.000

Type  : Slow 1100mV 85C Model Minimum Pulse Width 'u0|pcie_cv_hip_avmm_0|c5_hip_ast|altpcie_av_hip_ast_hwtcl|altpcie_av_hip_128bit_atom|g_pcie_xcvr.av_xcvr_pipe_native_hip|inst_av_xcvr_native|inst_av_pma|av_rx_pma|rx_pmas[3].rx_pma.rx_pma_deser|clk90b'
Slack : 2.000
TNS   : 0.000

Type  : Slow 1100mV 85C Model Minimum Pulse Width 'u0|pcie_cv_hip_avmm_0|c5_hip_ast|altpcie_av_hip_ast_hwtcl|altpcie_av_hip_128bit_atom|g_pcie_xcvr.av_xcvr_pipe_native_hip|inst_av_xcvr_native|inst_av_pma|av_tx_pma|tx_pma_insts[1].av_tx_pma_ch_inst|tx_pma_ch.tx_cgb|cpulseout'
Slack : 2.000
TNS   : 0.000

Type  : Slow 1100mV 85C Model Minimum Pulse Width 'u0|pcie_cv_hip_avmm_0|c5_hip_ast|altpcie_av_hip_ast_hwtcl|altpcie_av_hip_128bit_atom|g_pcie_xcvr.av_xcvr_pipe_native_hip|inst_av_xcvr_native|inst_av_pma|av_tx_pma|tx_pma_insts[1].av_tx_pma_ch_inst|tx_pma_ch.tx_cgb|lfclkpout'
Slack : 2.000
TNS   : 0.000

Type  : Slow 1100mV 85C Model Minimum Pulse Width 'u0|pcie_cv_hip_avmm_0|c5_hip_ast|altpcie_av_hip_ast_hwtcl|altpcie_av_hip_128bit_atom|g_cavhip.arriav_hd_altpe2_hip_top|coreclkout'
Slack : 2.788
TNS   : 0.000

Type  : Slow 1100mV 85C Model Minimum Pulse Width 'u0|pcie_cv_hip_avmm_0|c5_hip_ast|altpcie_av_hip_ast_hwtcl|altpcie_av_hip_128bit_atom|g_pcie_xcvr.av_xcvr_pipe_native_hip|inst_av_xcvr_native|inst_av_pma|av_tx_pma|tx_pma_insts[1].av_tx_pma_ch_inst|tx_pma_ch.tx_cgb|pclkout'
Slack : 4.000
TNS   : 0.000

Type  : Slow 1100mV 85C Model Minimum Pulse Width 'alt_cal_av_edge_detect_clk'
Slack : 4.330
TNS   : 0.000

Type  : Slow 1100mV 85C Model Minimum Pulse Width 'PCIE_REFCLK_p'
Slack : 5.000
TNS   : 0.000

Type  : Slow 1100mV 85C Model Minimum Pulse Width 'u0|pcie_cv_hip_avmm_0|c5_hip_ast|altpcie_av_hip_ast_hwtcl|altpcie_av_hip_128bit_atom|g_pcie_xcvr.av_xcvr_pipe_native_hip|av_xcvr_tx_pll_inst|pll[0].pll.cmu_pll.pll_mux.pll_refclk_select_mux|clkout'
Slack : 5.000
TNS   : 0.000

Type  : Slow 1100mV 85C Model Minimum Pulse Width 'sv_reconfig_pma_testbus_clk_0'
Slack : 7.835
TNS   : 0.000

Type  : Slow 1100mV 85C Model Minimum Pulse Width 'CLOCK_50_B3B'
Slack : 8.437
TNS   : 0.000

Type  : Slow 1100mV 85C Model Minimum Pulse Width 'altera_reserved_tck'
Slack : 14.880
TNS   : 0.000

Type  : Slow 1100mV 0C Model Setup 'CLOCK_50_B3B'
Slack : -2.508
TNS   : -376.279

Type  : Slow 1100mV 0C Model Setup 'u0|pcie_cv_hip_avmm_0|c5_hip_ast|altpcie_av_hip_ast_hwtcl|altpcie_av_hip_128bit_atom|g_cavhip.arriav_hd_altpe2_hip_top|coreclkout'
Slack : -2.069
TNS   : -149.498

Type  : Slow 1100mV 0C Model Setup 'altera_reserved_tck'
Slack : 10.339
TNS   : 0.000

Type  : Slow 1100mV 0C Model Setup 'n/a'
Slack : 10.419
TNS   : 0.000

Type  : Slow 1100mV 0C Model Hold 'CLOCK_50_B3B'
Slack : -0.492
TNS   : -0.492

Type  : Slow 1100mV 0C Model Hold 'altera_reserved_tck'
Slack : 0.174
TNS   : 0.000

Type  : Slow 1100mV 0C Model Hold 'u0|pcie_cv_hip_avmm_0|c5_hip_ast|altpcie_av_hip_ast_hwtcl|altpcie_av_hip_128bit_atom|g_cavhip.arriav_hd_altpe2_hip_top|coreclkout'
Slack : 0.236
TNS   : 0.000

Type  : Slow 1100mV 0C Model Hold 'n/a'
Slack : 15.400
TNS   : 0.000

Type  : Slow 1100mV 0C Model Recovery 'CLOCK_50_B3B'
Slack : -0.416
TNS   : -0.777

Type  : Slow 1100mV 0C Model Recovery 'u0|pcie_cv_hip_avmm_0|c5_hip_ast|altpcie_av_hip_ast_hwtcl|altpcie_av_hip_128bit_atom|g_cavhip.arriav_hd_altpe2_hip_top|coreclkout'
Slack : -0.318
TNS   : -2.856

Type  : Slow 1100mV 0C Model Recovery 'altera_reserved_tck'
Slack : 29.623
TNS   : 0.000

Type  : Slow 1100mV 0C Model Removal 'u0|pcie_cv_hip_avmm_0|c5_hip_ast|altpcie_av_hip_ast_hwtcl|altpcie_av_hip_128bit_atom|g_cavhip.arriav_hd_altpe2_hip_top|coreclkout'
Slack : 0.542
TNS   : 0.000

Type  : Slow 1100mV 0C Model Removal 'altera_reserved_tck'
Slack : 0.764
TNS   : 0.000

Type  : Slow 1100mV 0C Model Removal 'CLOCK_50_B3B'
Slack : 0.834
TNS   : 0.000

Type  : Slow 1100mV 0C Model Minimum Pulse Width 'u0|pcie_cv_hip_avmm_0|c5_hip_ast|altpcie_av_hip_ast_hwtcl|altpcie_av_hip_128bit_atom|g_pcie_xcvr.av_xcvr_pipe_native_hip|av_xcvr_tx_pll_inst|pll[0].pll.cmu_pll.tx_pll|clkcdr'
Slack : 0.400
TNS   : 0.000

Type  : Slow 1100mV 0C Model Minimum Pulse Width 'u0|pcie_cv_hip_avmm_0|c5_hip_ast|altpcie_av_hip_ast_hwtcl|altpcie_av_hip_128bit_atom|g_pcie_xcvr.av_xcvr_pipe_native_hip|inst_av_xcvr_native|inst_av_pma|av_rx_pma|rx_pmas[0].rx_pma.rx_cdr|clk90bdes'
Slack : 0.400
TNS   : 0.000

Type  : Slow 1100mV 0C Model Minimum Pulse Width 'u0|pcie_cv_hip_avmm_0|c5_hip_ast|altpcie_av_hip_ast_hwtcl|altpcie_av_hip_128bit_atom|g_pcie_xcvr.av_xcvr_pipe_native_hip|inst_av_xcvr_native|inst_av_pma|av_rx_pma|rx_pmas[1].rx_pma.rx_cdr|clk90bdes'
Slack : 0.400
TNS   : 0.000

Type  : Slow 1100mV 0C Model Minimum Pulse Width 'u0|pcie_cv_hip_avmm_0|c5_hip_ast|altpcie_av_hip_ast_hwtcl|altpcie_av_hip_128bit_atom|g_pcie_xcvr.av_xcvr_pipe_native_hip|inst_av_xcvr_native|inst_av_pma|av_rx_pma|rx_pmas[2].rx_pma.rx_cdr|clk90bdes'
Slack : 0.400
TNS   : 0.000

Type  : Slow 1100mV 0C Model Minimum Pulse Width 'u0|pcie_cv_hip_avmm_0|c5_hip_ast|altpcie_av_hip_ast_hwtcl|altpcie_av_hip_128bit_atom|g_pcie_xcvr.av_xcvr_pipe_native_hip|inst_av_xcvr_native|inst_av_pma|av_rx_pma|rx_pmas[3].rx_pma.rx_cdr|clk90bdes'
Slack : 0.400
TNS   : 0.000

Type  : Slow 1100mV 0C Model Minimum Pulse Width 'u0|pcie_cv_hip_avmm_0|c5_hip_ast|altpcie_av_hip_ast_hwtcl|altpcie_av_hip_128bit_atom|g_pcie_xcvr.av_xcvr_pipe_native_hip|inst_av_xcvr_native|inst_av_pma|av_tx_pma|tx_pma_insts[0].av_tx_pma_ch_inst|tx_pma_ch.tx_cgb|lfclkp'
Slack : 1.999
TNS   : 0.000

Type  : Slow 1100mV 0C Model Minimum Pulse Width 'u0|pcie_cv_hip_avmm_0|c5_hip_ast|altpcie_av_hip_ast_hwtcl|altpcie_av_hip_128bit_atom|g_pcie_xcvr.av_xcvr_pipe_native_hip|inst_av_xcvr_native|inst_av_pma|av_tx_pma|tx_pma_insts[1].av_tx_pma_ch_inst|tx_pma_ch.tx_cgb|lfclkp'
Slack : 1.999
TNS   : 0.000

Type  : Slow 1100mV 0C Model Minimum Pulse Width 'u0|pcie_cv_hip_avmm_0|c5_hip_ast|altpcie_av_hip_ast_hwtcl|altpcie_av_hip_128bit_atom|g_pcie_xcvr.av_xcvr_pipe_native_hip|inst_av_xcvr_native|inst_av_pma|av_tx_pma|tx_pma_insts[2].av_tx_pma_ch_inst|tx_pma_ch.tx_cgb|lfclkp'
Slack : 1.999
TNS   : 0.000

Type  : Slow 1100mV 0C Model Minimum Pulse Width 'u0|pcie_cv_hip_avmm_0|c5_hip_ast|altpcie_av_hip_ast_hwtcl|altpcie_av_hip_128bit_atom|g_pcie_xcvr.av_xcvr_pipe_native_hip|inst_av_xcvr_native|inst_av_pma|av_tx_pma|tx_pma_insts[3].av_tx_pma_ch_inst|tx_pma_ch.tx_cgb|lfclkp'
Slack : 1.999
TNS   : 0.000

Type  : Slow 1100mV 0C Model Minimum Pulse Width 'u0|pcie_cv_hip_avmm_0|c5_hip_ast|altpcie_av_hip_ast_hwtcl|altpcie_av_hip_128bit_atom|g_pcie_xcvr.av_xcvr_pipe_native_hip|inst_av_xcvr_native|inst_av_pcs|ch[0].inst_av_pcs_ch|inst_av_hssi_8g_rx_pcs|wys|txpmaclk'
Slack : 2.000
TNS   : 0.000

Type  : Slow 1100mV 0C Model Minimum Pulse Width 'u0|pcie_cv_hip_avmm_0|c5_hip_ast|altpcie_av_hip_ast_hwtcl|altpcie_av_hip_128bit_atom|g_pcie_xcvr.av_xcvr_pipe_native_hip|inst_av_xcvr_native|inst_av_pcs|ch[0].inst_av_pcs_ch|inst_av_hssi_8g_tx_pcs|wys|txpmalocalclk'
Slack : 2.000
TNS   : 0.000

Type  : Slow 1100mV 0C Model Minimum Pulse Width 'u0|pcie_cv_hip_avmm_0|c5_hip_ast|altpcie_av_hip_ast_hwtcl|altpcie_av_hip_128bit_atom|g_pcie_xcvr.av_xcvr_pipe_native_hip|inst_av_xcvr_native|inst_av_pcs|ch[1].inst_av_pcs_ch|inst_av_hssi_8g_rx_pcs|wys|txpmaclk'
Slack : 2.000
TNS   : 0.000

Type  : Slow 1100mV 0C Model Minimum Pulse Width 'u0|pcie_cv_hip_avmm_0|c5_hip_ast|altpcie_av_hip_ast_hwtcl|altpcie_av_hip_128bit_atom|g_pcie_xcvr.av_xcvr_pipe_native_hip|inst_av_xcvr_native|inst_av_pcs|ch[1].inst_av_pcs_ch|inst_av_hssi_8g_tx_pcs|wys|txpmalocalclk'
Slack : 2.000
TNS   : 0.000

Type  : Slow 1100mV 0C Model Minimum Pulse Width 'u0|pcie_cv_hip_avmm_0|c5_hip_ast|altpcie_av_hip_ast_hwtcl|altpcie_av_hip_128bit_atom|g_pcie_xcvr.av_xcvr_pipe_native_hip|inst_av_xcvr_native|inst_av_pcs|ch[2].inst_av_pcs_ch|inst_av_hssi_8g_rx_pcs|wys|txpmaclk'
Slack : 2.000
TNS   : 0.000

Type  : Slow 1100mV 0C Model Minimum Pulse Width 'u0|pcie_cv_hip_avmm_0|c5_hip_ast|altpcie_av_hip_ast_hwtcl|altpcie_av_hip_128bit_atom|g_pcie_xcvr.av_xcvr_pipe_native_hip|inst_av_xcvr_native|inst_av_pcs|ch[2].inst_av_pcs_ch|inst_av_hssi_8g_tx_pcs|wys|txpmalocalclk'
Slack : 2.000
TNS   : 0.000

Type  : Slow 1100mV 0C Model Minimum Pulse Width 'u0|pcie_cv_hip_avmm_0|c5_hip_ast|altpcie_av_hip_ast_hwtcl|altpcie_av_hip_128bit_atom|g_pcie_xcvr.av_xcvr_pipe_native_hip|inst_av_xcvr_native|inst_av_pcs|ch[3].inst_av_pcs_ch|inst_av_hssi_8g_rx_pcs|wys|txpmaclk'
Slack : 2.000
TNS   : 0.000

Type  : Slow 1100mV 0C Model Minimum Pulse Width 'u0|pcie_cv_hip_avmm_0|c5_hip_ast|altpcie_av_hip_ast_hwtcl|altpcie_av_hip_128bit_atom|g_pcie_xcvr.av_xcvr_pipe_native_hip|inst_av_xcvr_native|inst_av_pcs|ch[3].inst_av_pcs_ch|inst_av_hssi_8g_tx_pcs|wys|txpmalocalclk'
Slack : 2.000
TNS   : 0.000

Type  : Slow 1100mV 0C Model Minimum Pulse Width 'u0|pcie_cv_hip_avmm_0|c5_hip_ast|altpcie_av_hip_ast_hwtcl|altpcie_av_hip_128bit_atom|g_pcie_xcvr.av_xcvr_pipe_native_hip|inst_av_xcvr_native|inst_av_pma|av_rx_pma|rx_pmas[0].rx_pma.rx_pma_deser|clk90b'
Slack : 2.000
TNS   : 0.000

Type  : Slow 1100mV 0C Model Minimum Pulse Width 'u0|pcie_cv_hip_avmm_0|c5_hip_ast|altpcie_av_hip_ast_hwtcl|altpcie_av_hip_128bit_atom|g_pcie_xcvr.av_xcvr_pipe_native_hip|inst_av_xcvr_native|inst_av_pma|av_rx_pma|rx_pmas[1].rx_pma.rx_pma_deser|clk90b'
Slack : 2.000
TNS   : 0.000

Type  : Slow 1100mV 0C Model Minimum Pulse Width 'u0|pcie_cv_hip_avmm_0|c5_hip_ast|altpcie_av_hip_ast_hwtcl|altpcie_av_hip_128bit_atom|g_pcie_xcvr.av_xcvr_pipe_native_hip|inst_av_xcvr_native|inst_av_pma|av_rx_pma|rx_pmas[2].rx_pma.rx_pma_deser|clk90b'
Slack : 2.000
TNS   : 0.000

Type  : Slow 1100mV 0C Model Minimum Pulse Width 'u0|pcie_cv_hip_avmm_0|c5_hip_ast|altpcie_av_hip_ast_hwtcl|altpcie_av_hip_128bit_atom|g_pcie_xcvr.av_xcvr_pipe_native_hip|inst_av_xcvr_native|inst_av_pma|av_rx_pma|rx_pmas[3].rx_pma.rx_pma_deser|clk90b'
Slack : 2.000
TNS   : 0.000

Type  : Slow 1100mV 0C Model Minimum Pulse Width 'u0|pcie_cv_hip_avmm_0|c5_hip_ast|altpcie_av_hip_ast_hwtcl|altpcie_av_hip_128bit_atom|g_pcie_xcvr.av_xcvr_pipe_native_hip|inst_av_xcvr_native|inst_av_pma|av_tx_pma|tx_pma_insts[1].av_tx_pma_ch_inst|tx_pma_ch.tx_cgb|cpulseout'
Slack : 2.000
TNS   : 0.000

Type  : Slow 1100mV 0C Model Minimum Pulse Width 'u0|pcie_cv_hip_avmm_0|c5_hip_ast|altpcie_av_hip_ast_hwtcl|altpcie_av_hip_128bit_atom|g_pcie_xcvr.av_xcvr_pipe_native_hip|inst_av_xcvr_native|inst_av_pma|av_tx_pma|tx_pma_insts[1].av_tx_pma_ch_inst|tx_pma_ch.tx_cgb|lfclkpout'
Slack : 2.000
TNS   : 0.000

Type  : Slow 1100mV 0C Model Minimum Pulse Width 'u0|pcie_cv_hip_avmm_0|c5_hip_ast|altpcie_av_hip_ast_hwtcl|altpcie_av_hip_128bit_atom|g_cavhip.arriav_hd_altpe2_hip_top|coreclkout'
Slack : 2.811
TNS   : 0.000

Type  : Slow 1100mV 0C Model Minimum Pulse Width 'u0|pcie_cv_hip_avmm_0|c5_hip_ast|altpcie_av_hip_ast_hwtcl|altpcie_av_hip_128bit_atom|g_pcie_xcvr.av_xcvr_pipe_native_hip|inst_av_xcvr_native|inst_av_pma|av_tx_pma|tx_pma_insts[1].av_tx_pma_ch_inst|tx_pma_ch.tx_cgb|pclkout'
Slack : 4.000
TNS   : 0.000

Type  : Slow 1100mV 0C Model Minimum Pulse Width 'alt_cal_av_edge_detect_clk'
Slack : 4.305
TNS   : 0.000

Type  : Slow 1100mV 0C Model Minimum Pulse Width 'PCIE_REFCLK_p'
Slack : 5.000
TNS   : 0.000

Type  : Slow 1100mV 0C Model Minimum Pulse Width 'u0|pcie_cv_hip_avmm_0|c5_hip_ast|altpcie_av_hip_ast_hwtcl|altpcie_av_hip_128bit_atom|g_pcie_xcvr.av_xcvr_pipe_native_hip|av_xcvr_tx_pll_inst|pll[0].pll.cmu_pll.pll_mux.pll_refclk_select_mux|clkout'
Slack : 5.000
TNS   : 0.000

Type  : Slow 1100mV 0C Model Minimum Pulse Width 'sv_reconfig_pma_testbus_clk_0'
Slack : 7.839
TNS   : 0.000

Type  : Slow 1100mV 0C Model Minimum Pulse Width 'CLOCK_50_B3B'
Slack : 8.401
TNS   : 0.000

Type  : Slow 1100mV 0C Model Minimum Pulse Width 'altera_reserved_tck'
Slack : 14.855
TNS   : 0.000

Type  : Fast 1100mV 85C Model Setup 'u0|pcie_cv_hip_avmm_0|c5_hip_ast|altpcie_av_hip_ast_hwtcl|altpcie_av_hip_128bit_atom|g_cavhip.arriav_hd_altpe2_hip_top|coreclkout'
Slack : 0.583
TNS   : 0.000

Type  : Fast 1100mV 85C Model Setup 'CLOCK_50_B3B'
Slack : 0.745
TNS   : 0.000

Type  : Fast 1100mV 85C Model Setup 'altera_reserved_tck'
Slack : 13.554
TNS   : 0.000

Type  : Fast 1100mV 85C Model Setup 'n/a'
Slack : 14.746
TNS   : 0.000

Type  : Fast 1100mV 85C Model Hold 'CLOCK_50_B3B'
Slack : -0.221
TNS   : -0.221

Type  : Fast 1100mV 85C Model Hold 'altera_reserved_tck'
Slack : 0.040
TNS   : 0.000

Type  : Fast 1100mV 85C Model Hold 'u0|pcie_cv_hip_avmm_0|c5_hip_ast|altpcie_av_hip_ast_hwtcl|altpcie_av_hip_128bit_atom|g_cavhip.arriav_hd_altpe2_hip_top|coreclkout'
Slack : 0.078
TNS   : 0.000

Type  : Fast 1100mV 85C Model Hold 'n/a'
Slack : 12.767
TNS   : 0.000

Type  : Fast 1100mV 85C Model Recovery 'u0|pcie_cv_hip_avmm_0|c5_hip_ast|altpcie_av_hip_ast_hwtcl|altpcie_av_hip_128bit_atom|g_cavhip.arriav_hd_altpe2_hip_top|coreclkout'
Slack : 1.352
TNS   : 0.000

Type  : Fast 1100mV 85C Model Recovery 'CLOCK_50_B3B'
Slack : 1.798
TNS   : 0.000

Type  : Fast 1100mV 85C Model Recovery 'altera_reserved_tck'
Slack : 30.945
TNS   : 0.000

Type  : Fast 1100mV 85C Model Removal 'u0|pcie_cv_hip_avmm_0|c5_hip_ast|altpcie_av_hip_ast_hwtcl|altpcie_av_hip_128bit_atom|g_cavhip.arriav_hd_altpe2_hip_top|coreclkout'
Slack : 0.294
TNS   : 0.000

Type  : Fast 1100mV 85C Model Removal 'altera_reserved_tck'
Slack : 0.306
TNS   : 0.000

Type  : Fast 1100mV 85C Model Removal 'CLOCK_50_B3B'
Slack : 0.409
TNS   : 0.000

Type  : Fast 1100mV 85C Model Minimum Pulse Width 'u0|pcie_cv_hip_avmm_0|c5_hip_ast|altpcie_av_hip_ast_hwtcl|altpcie_av_hip_128bit_atom|g_pcie_xcvr.av_xcvr_pipe_native_hip|av_xcvr_tx_pll_inst|pll[0].pll.cmu_pll.tx_pll|clkcdr'
Slack : 0.400
TNS   : 0.000

Type  : Fast 1100mV 85C Model Minimum Pulse Width 'u0|pcie_cv_hip_avmm_0|c5_hip_ast|altpcie_av_hip_ast_hwtcl|altpcie_av_hip_128bit_atom|g_pcie_xcvr.av_xcvr_pipe_native_hip|inst_av_xcvr_native|inst_av_pma|av_rx_pma|rx_pmas[0].rx_pma.rx_cdr|clk90bdes'
Slack : 0.400
TNS   : 0.000

Type  : Fast 1100mV 85C Model Minimum Pulse Width 'u0|pcie_cv_hip_avmm_0|c5_hip_ast|altpcie_av_hip_ast_hwtcl|altpcie_av_hip_128bit_atom|g_pcie_xcvr.av_xcvr_pipe_native_hip|inst_av_xcvr_native|inst_av_pma|av_rx_pma|rx_pmas[1].rx_pma.rx_cdr|clk90bdes'
Slack : 0.400
TNS   : 0.000

Type  : Fast 1100mV 85C Model Minimum Pulse Width 'u0|pcie_cv_hip_avmm_0|c5_hip_ast|altpcie_av_hip_ast_hwtcl|altpcie_av_hip_128bit_atom|g_pcie_xcvr.av_xcvr_pipe_native_hip|inst_av_xcvr_native|inst_av_pma|av_rx_pma|rx_pmas[2].rx_pma.rx_cdr|clk90bdes'
Slack : 0.400
TNS   : 0.000

Type  : Fast 1100mV 85C Model Minimum Pulse Width 'u0|pcie_cv_hip_avmm_0|c5_hip_ast|altpcie_av_hip_ast_hwtcl|altpcie_av_hip_128bit_atom|g_pcie_xcvr.av_xcvr_pipe_native_hip|inst_av_xcvr_native|inst_av_pma|av_rx_pma|rx_pmas[3].rx_pma.rx_cdr|clk90bdes'
Slack : 0.400
TNS   : 0.000

Type  : Fast 1100mV 85C Model Minimum Pulse Width 'u0|pcie_cv_hip_avmm_0|c5_hip_ast|altpcie_av_hip_ast_hwtcl|altpcie_av_hip_128bit_atom|g_pcie_xcvr.av_xcvr_pipe_native_hip|inst_av_xcvr_native|inst_av_pma|av_tx_pma|tx_pma_insts[0].av_tx_pma_ch_inst|tx_pma_ch.tx_cgb|lfclkp'
Slack : 1.996
TNS   : 0.000

Type  : Fast 1100mV 85C Model Minimum Pulse Width 'u0|pcie_cv_hip_avmm_0|c5_hip_ast|altpcie_av_hip_ast_hwtcl|altpcie_av_hip_128bit_atom|g_pcie_xcvr.av_xcvr_pipe_native_hip|inst_av_xcvr_native|inst_av_pma|av_tx_pma|tx_pma_insts[1].av_tx_pma_ch_inst|tx_pma_ch.tx_cgb|lfclkp'
Slack : 1.996
TNS   : 0.000

Type  : Fast 1100mV 85C Model Minimum Pulse Width 'u0|pcie_cv_hip_avmm_0|c5_hip_ast|altpcie_av_hip_ast_hwtcl|altpcie_av_hip_128bit_atom|g_pcie_xcvr.av_xcvr_pipe_native_hip|inst_av_xcvr_native|inst_av_pma|av_tx_pma|tx_pma_insts[2].av_tx_pma_ch_inst|tx_pma_ch.tx_cgb|lfclkp'
Slack : 1.996
TNS   : 0.000

Type  : Fast 1100mV 85C Model Minimum Pulse Width 'u0|pcie_cv_hip_avmm_0|c5_hip_ast|altpcie_av_hip_ast_hwtcl|altpcie_av_hip_128bit_atom|g_pcie_xcvr.av_xcvr_pipe_native_hip|inst_av_xcvr_native|inst_av_pma|av_tx_pma|tx_pma_insts[3].av_tx_pma_ch_inst|tx_pma_ch.tx_cgb|lfclkp'
Slack : 1.996
TNS   : 0.000

Type  : Fast 1100mV 85C Model Minimum Pulse Width 'u0|pcie_cv_hip_avmm_0|c5_hip_ast|altpcie_av_hip_ast_hwtcl|altpcie_av_hip_128bit_atom|g_pcie_xcvr.av_xcvr_pipe_native_hip|inst_av_xcvr_native|inst_av_pcs|ch[0].inst_av_pcs_ch|inst_av_hssi_8g_rx_pcs|wys|txpmaclk'
Slack : 2.000
TNS   : 0.000

Type  : Fast 1100mV 85C Model Minimum Pulse Width 'u0|pcie_cv_hip_avmm_0|c5_hip_ast|altpcie_av_hip_ast_hwtcl|altpcie_av_hip_128bit_atom|g_pcie_xcvr.av_xcvr_pipe_native_hip|inst_av_xcvr_native|inst_av_pcs|ch[0].inst_av_pcs_ch|inst_av_hssi_8g_tx_pcs|wys|txpmalocalclk'
Slack : 2.000
TNS   : 0.000

Type  : Fast 1100mV 85C Model Minimum Pulse Width 'u0|pcie_cv_hip_avmm_0|c5_hip_ast|altpcie_av_hip_ast_hwtcl|altpcie_av_hip_128bit_atom|g_pcie_xcvr.av_xcvr_pipe_native_hip|inst_av_xcvr_native|inst_av_pcs|ch[1].inst_av_pcs_ch|inst_av_hssi_8g_rx_pcs|wys|txpmaclk'
Slack : 2.000
TNS   : 0.000

Type  : Fast 1100mV 85C Model Minimum Pulse Width 'u0|pcie_cv_hip_avmm_0|c5_hip_ast|altpcie_av_hip_ast_hwtcl|altpcie_av_hip_128bit_atom|g_pcie_xcvr.av_xcvr_pipe_native_hip|inst_av_xcvr_native|inst_av_pcs|ch[1].inst_av_pcs_ch|inst_av_hssi_8g_tx_pcs|wys|txpmalocalclk'
Slack : 2.000
TNS   : 0.000

Type  : Fast 1100mV 85C Model Minimum Pulse Width 'u0|pcie_cv_hip_avmm_0|c5_hip_ast|altpcie_av_hip_ast_hwtcl|altpcie_av_hip_128bit_atom|g_pcie_xcvr.av_xcvr_pipe_native_hip|inst_av_xcvr_native|inst_av_pcs|ch[2].inst_av_pcs_ch|inst_av_hssi_8g_rx_pcs|wys|txpmaclk'
Slack : 2.000
TNS   : 0.000

Type  : Fast 1100mV 85C Model Minimum Pulse Width 'u0|pcie_cv_hip_avmm_0|c5_hip_ast|altpcie_av_hip_ast_hwtcl|altpcie_av_hip_128bit_atom|g_pcie_xcvr.av_xcvr_pipe_native_hip|inst_av_xcvr_native|inst_av_pcs|ch[2].inst_av_pcs_ch|inst_av_hssi_8g_tx_pcs|wys|txpmalocalclk'
Slack : 2.000
TNS   : 0.000

Type  : Fast 1100mV 85C Model Minimum Pulse Width 'u0|pcie_cv_hip_avmm_0|c5_hip_ast|altpcie_av_hip_ast_hwtcl|altpcie_av_hip_128bit_atom|g_pcie_xcvr.av_xcvr_pipe_native_hip|inst_av_xcvr_native|inst_av_pcs|ch[3].inst_av_pcs_ch|inst_av_hssi_8g_rx_pcs|wys|txpmaclk'
Slack : 2.000
TNS   : 0.000

Type  : Fast 1100mV 85C Model Minimum Pulse Width 'u0|pcie_cv_hip_avmm_0|c5_hip_ast|altpcie_av_hip_ast_hwtcl|altpcie_av_hip_128bit_atom|g_pcie_xcvr.av_xcvr_pipe_native_hip|inst_av_xcvr_native|inst_av_pcs|ch[3].inst_av_pcs_ch|inst_av_hssi_8g_tx_pcs|wys|txpmalocalclk'
Slack : 2.000
TNS   : 0.000

Type  : Fast 1100mV 85C Model Minimum Pulse Width 'u0|pcie_cv_hip_avmm_0|c5_hip_ast|altpcie_av_hip_ast_hwtcl|altpcie_av_hip_128bit_atom|g_pcie_xcvr.av_xcvr_pipe_native_hip|inst_av_xcvr_native|inst_av_pma|av_rx_pma|rx_pmas[0].rx_pma.rx_pma_deser|clk90b'
Slack : 2.000
TNS   : 0.000

Type  : Fast 1100mV 85C Model Minimum Pulse Width 'u0|pcie_cv_hip_avmm_0|c5_hip_ast|altpcie_av_hip_ast_hwtcl|altpcie_av_hip_128bit_atom|g_pcie_xcvr.av_xcvr_pipe_native_hip|inst_av_xcvr_native|inst_av_pma|av_rx_pma|rx_pmas[1].rx_pma.rx_pma_deser|clk90b'
Slack : 2.000
TNS   : 0.000

Type  : Fast 1100mV 85C Model Minimum Pulse Width 'u0|pcie_cv_hip_avmm_0|c5_hip_ast|altpcie_av_hip_ast_hwtcl|altpcie_av_hip_128bit_atom|g_pcie_xcvr.av_xcvr_pipe_native_hip|inst_av_xcvr_native|inst_av_pma|av_rx_pma|rx_pmas[2].rx_pma.rx_pma_deser|clk90b'
Slack : 2.000
TNS   : 0.000

Type  : Fast 1100mV 85C Model Minimum Pulse Width 'u0|pcie_cv_hip_avmm_0|c5_hip_ast|altpcie_av_hip_ast_hwtcl|altpcie_av_hip_128bit_atom|g_pcie_xcvr.av_xcvr_pipe_native_hip|inst_av_xcvr_native|inst_av_pma|av_rx_pma|rx_pmas[3].rx_pma.rx_pma_deser|clk90b'
Slack : 2.000
TNS   : 0.000

Type  : Fast 1100mV 85C Model Minimum Pulse Width 'u0|pcie_cv_hip_avmm_0|c5_hip_ast|altpcie_av_hip_ast_hwtcl|altpcie_av_hip_128bit_atom|g_pcie_xcvr.av_xcvr_pipe_native_hip|inst_av_xcvr_native|inst_av_pma|av_tx_pma|tx_pma_insts[1].av_tx_pma_ch_inst|tx_pma_ch.tx_cgb|cpulseout'
Slack : 2.000
TNS   : 0.000

Type  : Fast 1100mV 85C Model Minimum Pulse Width 'u0|pcie_cv_hip_avmm_0|c5_hip_ast|altpcie_av_hip_ast_hwtcl|altpcie_av_hip_128bit_atom|g_pcie_xcvr.av_xcvr_pipe_native_hip|inst_av_xcvr_native|inst_av_pma|av_tx_pma|tx_pma_insts[1].av_tx_pma_ch_inst|tx_pma_ch.tx_cgb|lfclkpout'
Slack : 2.000
TNS   : 0.000

Type  : Fast 1100mV 85C Model Minimum Pulse Width 'u0|pcie_cv_hip_avmm_0|c5_hip_ast|altpcie_av_hip_ast_hwtcl|altpcie_av_hip_128bit_atom|g_cavhip.arriav_hd_altpe2_hip_top|coreclkout'
Slack : 2.864
TNS   : 0.000

Type  : Fast 1100mV 85C Model Minimum Pulse Width 'u0|pcie_cv_hip_avmm_0|c5_hip_ast|altpcie_av_hip_ast_hwtcl|altpcie_av_hip_128bit_atom|g_pcie_xcvr.av_xcvr_pipe_native_hip|inst_av_xcvr_native|inst_av_pma|av_tx_pma|tx_pma_insts[1].av_tx_pma_ch_inst|tx_pma_ch.tx_cgb|pclkout'
Slack : 4.000
TNS   : 0.000

Type  : Fast 1100mV 85C Model Minimum Pulse Width 'alt_cal_av_edge_detect_clk'
Slack : 4.643
TNS   : 0.000

Type  : Fast 1100mV 85C Model Minimum Pulse Width 'PCIE_REFCLK_p'
Slack : 5.000
TNS   : 0.000

Type  : Fast 1100mV 85C Model Minimum Pulse Width 'u0|pcie_cv_hip_avmm_0|c5_hip_ast|altpcie_av_hip_ast_hwtcl|altpcie_av_hip_128bit_atom|g_pcie_xcvr.av_xcvr_pipe_native_hip|av_xcvr_tx_pll_inst|pll[0].pll.cmu_pll.pll_mux.pll_refclk_select_mux|clkout'
Slack : 5.000
TNS   : 0.000

Type  : Fast 1100mV 85C Model Minimum Pulse Width 'CLOCK_50_B3B'
Slack : 8.796
TNS   : 0.000

Type  : Fast 1100mV 85C Model Minimum Pulse Width 'sv_reconfig_pma_testbus_clk_0'
Slack : 9.022
TNS   : 0.000

Type  : Fast 1100mV 85C Model Minimum Pulse Width 'altera_reserved_tck'
Slack : 14.655
TNS   : 0.000

Type  : Fast 1100mV 0C Model Setup 'u0|pcie_cv_hip_avmm_0|c5_hip_ast|altpcie_av_hip_ast_hwtcl|altpcie_av_hip_128bit_atom|g_cavhip.arriav_hd_altpe2_hip_top|coreclkout'
Slack : 0.801
TNS   : 0.000

Type  : Fast 1100mV 0C Model Setup 'CLOCK_50_B3B'
Slack : 0.994
TNS   : 0.000

Type  : Fast 1100mV 0C Model Setup 'altera_reserved_tck'
Slack : 14.017
TNS   : 0.000

Type  : Fast 1100mV 0C Model Setup 'n/a'
Slack : 15.163
TNS   : 0.000

Type  : Fast 1100mV 0C Model Hold 'CLOCK_50_B3B'
Slack : -0.352
TNS   : -0.352

Type  : Fast 1100mV 0C Model Hold 'altera_reserved_tck'
Slack : 0.027
TNS   : 0.000

Type  : Fast 1100mV 0C Model Hold 'u0|pcie_cv_hip_avmm_0|c5_hip_ast|altpcie_av_hip_ast_hwtcl|altpcie_av_hip_128bit_atom|g_cavhip.arriav_hd_altpe2_hip_top|coreclkout'
Slack : 0.071
TNS   : 0.000

Type  : Fast 1100mV 0C Model Hold 'n/a'
Slack : 12.692
TNS   : 0.000

Type  : Fast 1100mV 0C Model Recovery 'u0|pcie_cv_hip_avmm_0|c5_hip_ast|altpcie_av_hip_ast_hwtcl|altpcie_av_hip_128bit_atom|g_cavhip.arriav_hd_altpe2_hip_top|coreclkout'
Slack : 1.523
TNS   : 0.000

Type  : Fast 1100mV 0C Model Recovery 'CLOCK_50_B3B'
Slack : 2.079
TNS   : 0.000

Type  : Fast 1100mV 0C Model Recovery 'altera_reserved_tck'
Slack : 31.208
TNS   : 0.000

Type  : Fast 1100mV 0C Model Removal 'u0|pcie_cv_hip_avmm_0|c5_hip_ast|altpcie_av_hip_ast_hwtcl|altpcie_av_hip_128bit_atom|g_cavhip.arriav_hd_altpe2_hip_top|coreclkout'
Slack : 0.262
TNS   : 0.000

Type  : Fast 1100mV 0C Model Removal 'altera_reserved_tck'
Slack : 0.277
TNS   : 0.000

Type  : Fast 1100mV 0C Model Removal 'CLOCK_50_B3B'
Slack : 0.371
TNS   : 0.000

Type  : Fast 1100mV 0C Model Minimum Pulse Width 'u0|pcie_cv_hip_avmm_0|c5_hip_ast|altpcie_av_hip_ast_hwtcl|altpcie_av_hip_128bit_atom|g_pcie_xcvr.av_xcvr_pipe_native_hip|av_xcvr_tx_pll_inst|pll[0].pll.cmu_pll.tx_pll|clkcdr'
Slack : 0.400
TNS   : 0.000

Type  : Fast 1100mV 0C Model Minimum Pulse Width 'u0|pcie_cv_hip_avmm_0|c5_hip_ast|altpcie_av_hip_ast_hwtcl|altpcie_av_hip_128bit_atom|g_pcie_xcvr.av_xcvr_pipe_native_hip|inst_av_xcvr_native|inst_av_pma|av_rx_pma|rx_pmas[0].rx_pma.rx_cdr|clk90bdes'
Slack : 0.400
TNS   : 0.000

Type  : Fast 1100mV 0C Model Minimum Pulse Width 'u0|pcie_cv_hip_avmm_0|c5_hip_ast|altpcie_av_hip_ast_hwtcl|altpcie_av_hip_128bit_atom|g_pcie_xcvr.av_xcvr_pipe_native_hip|inst_av_xcvr_native|inst_av_pma|av_rx_pma|rx_pmas[1].rx_pma.rx_cdr|clk90bdes'
Slack : 0.400
TNS   : 0.000

Type  : Fast 1100mV 0C Model Minimum Pulse Width 'u0|pcie_cv_hip_avmm_0|c5_hip_ast|altpcie_av_hip_ast_hwtcl|altpcie_av_hip_128bit_atom|g_pcie_xcvr.av_xcvr_pipe_native_hip|inst_av_xcvr_native|inst_av_pma|av_rx_pma|rx_pmas[2].rx_pma.rx_cdr|clk90bdes'
Slack : 0.400
TNS   : 0.000

Type  : Fast 1100mV 0C Model Minimum Pulse Width 'u0|pcie_cv_hip_avmm_0|c5_hip_ast|altpcie_av_hip_ast_hwtcl|altpcie_av_hip_128bit_atom|g_pcie_xcvr.av_xcvr_pipe_native_hip|inst_av_xcvr_native|inst_av_pma|av_rx_pma|rx_pmas[3].rx_pma.rx_cdr|clk90bdes'
Slack : 0.400
TNS   : 0.000

Type  : Fast 1100mV 0C Model Minimum Pulse Width 'u0|pcie_cv_hip_avmm_0|c5_hip_ast|altpcie_av_hip_ast_hwtcl|altpcie_av_hip_128bit_atom|g_pcie_xcvr.av_xcvr_pipe_native_hip|inst_av_xcvr_native|inst_av_pma|av_tx_pma|tx_pma_insts[0].av_tx_pma_ch_inst|tx_pma_ch.tx_cgb|lfclkp'
Slack : 1.997
TNS   : 0.000

Type  : Fast 1100mV 0C Model Minimum Pulse Width 'u0|pcie_cv_hip_avmm_0|c5_hip_ast|altpcie_av_hip_ast_hwtcl|altpcie_av_hip_128bit_atom|g_pcie_xcvr.av_xcvr_pipe_native_hip|inst_av_xcvr_native|inst_av_pma|av_tx_pma|tx_pma_insts[1].av_tx_pma_ch_inst|tx_pma_ch.tx_cgb|lfclkp'
Slack : 1.997
TNS   : 0.000

Type  : Fast 1100mV 0C Model Minimum Pulse Width 'u0|pcie_cv_hip_avmm_0|c5_hip_ast|altpcie_av_hip_ast_hwtcl|altpcie_av_hip_128bit_atom|g_pcie_xcvr.av_xcvr_pipe_native_hip|inst_av_xcvr_native|inst_av_pma|av_tx_pma|tx_pma_insts[2].av_tx_pma_ch_inst|tx_pma_ch.tx_cgb|lfclkp'
Slack : 1.997
TNS   : 0.000

Type  : Fast 1100mV 0C Model Minimum Pulse Width 'u0|pcie_cv_hip_avmm_0|c5_hip_ast|altpcie_av_hip_ast_hwtcl|altpcie_av_hip_128bit_atom|g_pcie_xcvr.av_xcvr_pipe_native_hip|inst_av_xcvr_native|inst_av_pma|av_tx_pma|tx_pma_insts[3].av_tx_pma_ch_inst|tx_pma_ch.tx_cgb|lfclkp'
Slack : 1.997
TNS   : 0.000

Type  : Fast 1100mV 0C Model Minimum Pulse Width 'u0|pcie_cv_hip_avmm_0|c5_hip_ast|altpcie_av_hip_ast_hwtcl|altpcie_av_hip_128bit_atom|g_pcie_xcvr.av_xcvr_pipe_native_hip|inst_av_xcvr_native|inst_av_pcs|ch[0].inst_av_pcs_ch|inst_av_hssi_8g_rx_pcs|wys|txpmaclk'
Slack : 2.000
TNS   : 0.000

Type  : Fast 1100mV 0C Model Minimum Pulse Width 'u0|pcie_cv_hip_avmm_0|c5_hip_ast|altpcie_av_hip_ast_hwtcl|altpcie_av_hip_128bit_atom|g_pcie_xcvr.av_xcvr_pipe_native_hip|inst_av_xcvr_native|inst_av_pcs|ch[0].inst_av_pcs_ch|inst_av_hssi_8g_tx_pcs|wys|txpmalocalclk'
Slack : 2.000
TNS   : 0.000

Type  : Fast 1100mV 0C Model Minimum Pulse Width 'u0|pcie_cv_hip_avmm_0|c5_hip_ast|altpcie_av_hip_ast_hwtcl|altpcie_av_hip_128bit_atom|g_pcie_xcvr.av_xcvr_pipe_native_hip|inst_av_xcvr_native|inst_av_pcs|ch[1].inst_av_pcs_ch|inst_av_hssi_8g_rx_pcs|wys|txpmaclk'
Slack : 2.000
TNS   : 0.000

Type  : Fast 1100mV 0C Model Minimum Pulse Width 'u0|pcie_cv_hip_avmm_0|c5_hip_ast|altpcie_av_hip_ast_hwtcl|altpcie_av_hip_128bit_atom|g_pcie_xcvr.av_xcvr_pipe_native_hip|inst_av_xcvr_native|inst_av_pcs|ch[1].inst_av_pcs_ch|inst_av_hssi_8g_tx_pcs|wys|txpmalocalclk'
Slack : 2.000
TNS   : 0.000

Type  : Fast 1100mV 0C Model Minimum Pulse Width 'u0|pcie_cv_hip_avmm_0|c5_hip_ast|altpcie_av_hip_ast_hwtcl|altpcie_av_hip_128bit_atom|g_pcie_xcvr.av_xcvr_pipe_native_hip|inst_av_xcvr_native|inst_av_pcs|ch[2].inst_av_pcs_ch|inst_av_hssi_8g_rx_pcs|wys|txpmaclk'
Slack : 2.000
TNS   : 0.000

Type  : Fast 1100mV 0C Model Minimum Pulse Width 'u0|pcie_cv_hip_avmm_0|c5_hip_ast|altpcie_av_hip_ast_hwtcl|altpcie_av_hip_128bit_atom|g_pcie_xcvr.av_xcvr_pipe_native_hip|inst_av_xcvr_native|inst_av_pcs|ch[2].inst_av_pcs_ch|inst_av_hssi_8g_tx_pcs|wys|txpmalocalclk'
Slack : 2.000
TNS   : 0.000

Type  : Fast 1100mV 0C Model Minimum Pulse Width 'u0|pcie_cv_hip_avmm_0|c5_hip_ast|altpcie_av_hip_ast_hwtcl|altpcie_av_hip_128bit_atom|g_pcie_xcvr.av_xcvr_pipe_native_hip|inst_av_xcvr_native|inst_av_pcs|ch[3].inst_av_pcs_ch|inst_av_hssi_8g_rx_pcs|wys|txpmaclk'
Slack : 2.000
TNS   : 0.000

Type  : Fast 1100mV 0C Model Minimum Pulse Width 'u0|pcie_cv_hip_avmm_0|c5_hip_ast|altpcie_av_hip_ast_hwtcl|altpcie_av_hip_128bit_atom|g_pcie_xcvr.av_xcvr_pipe_native_hip|inst_av_xcvr_native|inst_av_pcs|ch[3].inst_av_pcs_ch|inst_av_hssi_8g_tx_pcs|wys|txpmalocalclk'
Slack : 2.000
TNS   : 0.000

Type  : Fast 1100mV 0C Model Minimum Pulse Width 'u0|pcie_cv_hip_avmm_0|c5_hip_ast|altpcie_av_hip_ast_hwtcl|altpcie_av_hip_128bit_atom|g_pcie_xcvr.av_xcvr_pipe_native_hip|inst_av_xcvr_native|inst_av_pma|av_rx_pma|rx_pmas[0].rx_pma.rx_pma_deser|clk90b'
Slack : 2.000
TNS   : 0.000

Type  : Fast 1100mV 0C Model Minimum Pulse Width 'u0|pcie_cv_hip_avmm_0|c5_hip_ast|altpcie_av_hip_ast_hwtcl|altpcie_av_hip_128bit_atom|g_pcie_xcvr.av_xcvr_pipe_native_hip|inst_av_xcvr_native|inst_av_pma|av_rx_pma|rx_pmas[1].rx_pma.rx_pma_deser|clk90b'
Slack : 2.000
TNS   : 0.000

Type  : Fast 1100mV 0C Model Minimum Pulse Width 'u0|pcie_cv_hip_avmm_0|c5_hip_ast|altpcie_av_hip_ast_hwtcl|altpcie_av_hip_128bit_atom|g_pcie_xcvr.av_xcvr_pipe_native_hip|inst_av_xcvr_native|inst_av_pma|av_rx_pma|rx_pmas[2].rx_pma.rx_pma_deser|clk90b'
Slack : 2.000
TNS   : 0.000

Type  : Fast 1100mV 0C Model Minimum Pulse Width 'u0|pcie_cv_hip_avmm_0|c5_hip_ast|altpcie_av_hip_ast_hwtcl|altpcie_av_hip_128bit_atom|g_pcie_xcvr.av_xcvr_pipe_native_hip|inst_av_xcvr_native|inst_av_pma|av_rx_pma|rx_pmas[3].rx_pma.rx_pma_deser|clk90b'
Slack : 2.000
TNS   : 0.000

Type  : Fast 1100mV 0C Model Minimum Pulse Width 'u0|pcie_cv_hip_avmm_0|c5_hip_ast|altpcie_av_hip_ast_hwtcl|altpcie_av_hip_128bit_atom|g_pcie_xcvr.av_xcvr_pipe_native_hip|inst_av_xcvr_native|inst_av_pma|av_tx_pma|tx_pma_insts[1].av_tx_pma_ch_inst|tx_pma_ch.tx_cgb|cpulseout'
Slack : 2.000
TNS   : 0.000

Type  : Fast 1100mV 0C Model Minimum Pulse Width 'u0|pcie_cv_hip_avmm_0|c5_hip_ast|altpcie_av_hip_ast_hwtcl|altpcie_av_hip_128bit_atom|g_pcie_xcvr.av_xcvr_pipe_native_hip|inst_av_xcvr_native|inst_av_pma|av_tx_pma|tx_pma_insts[1].av_tx_pma_ch_inst|tx_pma_ch.tx_cgb|lfclkpout'
Slack : 2.000
TNS   : 0.000

Type  : Fast 1100mV 0C Model Minimum Pulse Width 'u0|pcie_cv_hip_avmm_0|c5_hip_ast|altpcie_av_hip_ast_hwtcl|altpcie_av_hip_128bit_atom|g_cavhip.arriav_hd_altpe2_hip_top|coreclkout'
Slack : 2.880
TNS   : 0.000

Type  : Fast 1100mV 0C Model Minimum Pulse Width 'u0|pcie_cv_hip_avmm_0|c5_hip_ast|altpcie_av_hip_ast_hwtcl|altpcie_av_hip_128bit_atom|g_pcie_xcvr.av_xcvr_pipe_native_hip|inst_av_xcvr_native|inst_av_pma|av_tx_pma|tx_pma_insts[1].av_tx_pma_ch_inst|tx_pma_ch.tx_cgb|pclkout'
Slack : 4.000
TNS   : 0.000

Type  : Fast 1100mV 0C Model Minimum Pulse Width 'alt_cal_av_edge_detect_clk'
Slack : 4.642
TNS   : 0.000

Type  : Fast 1100mV 0C Model Minimum Pulse Width 'PCIE_REFCLK_p'
Slack : 5.000
TNS   : 0.000

Type  : Fast 1100mV 0C Model Minimum Pulse Width 'u0|pcie_cv_hip_avmm_0|c5_hip_ast|altpcie_av_hip_ast_hwtcl|altpcie_av_hip_128bit_atom|g_pcie_xcvr.av_xcvr_pipe_native_hip|av_xcvr_tx_pll_inst|pll[0].pll.cmu_pll.pll_mux.pll_refclk_select_mux|clkout'
Slack : 5.000
TNS   : 0.000

Type  : Fast 1100mV 0C Model Minimum Pulse Width 'CLOCK_50_B3B'
Slack : 8.803
TNS   : 0.000

Type  : Fast 1100mV 0C Model Minimum Pulse Width 'sv_reconfig_pma_testbus_clk_0'
Slack : 9.080
TNS   : 0.000

Type  : Fast 1100mV 0C Model Minimum Pulse Width 'altera_reserved_tck'
Slack : 14.631
TNS   : 0.000

------------------------------------------------------------
