------------------------------------------------------------
Timing Analyzer Summary
------------------------------------------------------------

Type  : Slow 1100mV 85C Model Setup 'CLOCK_50_B3B'
Slack : -2.458
TNS   : -434.141

Type  : Slow 1100mV 85C Model Setup 'u0|pcie_cv_hip_avmm_0|c5_hip_ast|altpcie_av_hip_ast_hwtcl|altpcie_av_hip_128bit_atom|g_cavhip.arriav_hd_altpe2_hip_top|coreclkout'
Slack : -1.639
TNS   : -152.503

Type  : Slow 1100mV 85C Model Setup 'n/a'
Slack : 9.137
TNS   : 0.000

Type  : Slow 1100mV 85C Model Setup 'altera_reserved_tck'
Slack : 10.280
TNS   : 0.000

Type  : Slow 1100mV 85C Model Hold 'u0|pcie_cv_hip_avmm_0|c5_hip_ast|altpcie_av_hip_ast_hwtcl|altpcie_av_hip_128bit_atom|g_cavhip.arriav_hd_altpe2_hip_top|coreclkout'
Slack : 0.246
TNS   : 0.000

Type  : Slow 1100mV 85C Model Hold 'CLOCK_50_B3B'
Slack : 0.254
TNS   : 0.000

Type  : Slow 1100mV 85C Model Hold 'altera_reserved_tck'
Slack : 0.442
TNS   : 0.000

Type  : Slow 1100mV 85C Model Hold 'n/a'
Slack : 15.431
TNS   : 0.000

Type  : Slow 1100mV 85C Model Recovery 'CLOCK_50_B3B'
Slack : -1.367
TNS   : -49.668

Type  : Slow 1100mV 85C Model Recovery 'u0|pcie_cv_hip_avmm_0|c5_hip_ast|altpcie_av_hip_ast_hwtcl|altpcie_av_hip_128bit_atom|g_cavhip.arriav_hd_altpe2_hip_top|coreclkout'
Slack : -0.167
TNS   : -6.116

Type  : Slow 1100mV 85C Model Recovery 'altera_reserved_tck'
Slack : 25.156
TNS   : 0.000

Type  : Slow 1100mV 85C Model Removal 'u0|pcie_cv_hip_avmm_0|c5_hip_ast|altpcie_av_hip_ast_hwtcl|altpcie_av_hip_128bit_atom|g_cavhip.arriav_hd_altpe2_hip_top|coreclkout'
Slack : 0.650
TNS   : 0.000

Type  : Slow 1100mV 85C Model Removal 'altera_reserved_tck'
Slack : 0.896
TNS   : 0.000

Type  : Slow 1100mV 85C Model Removal 'CLOCK_50_B3B'
Slack : 1.028
TNS   : 0.000

Type  : Slow 1100mV 85C Model Minimum Pulse Width 'u0|pcie_cv_hip_avmm_0|c5_hip_ast|altpcie_av_hip_ast_hwtcl|altpcie_av_hip_128bit_atom|g_pcie_xcvr.av_xcvr_pipe_native_hip|av_xcvr_tx_pll_inst|pll[0].pll.cmu_pll.tx_pll|clkcdr'
Slack : 0.400
TNS   : 0.000

Type  : Slow 1100mV 85C Model Minimum Pulse Width 'u0|pcie_cv_hip_avmm_0|c5_hip_ast|altpcie_av_hip_ast_hwtcl|altpcie_av_hip_128bit_atom|g_pcie_xcvr.av_xcvr_pipe_native_hip|inst_av_xcvr_native|inst_av_pma|av_rx_pma|rx_pmas[0].rx_pma.rx_cdr|clk90bdes'
Slack : 0.400
TNS   : 0.000

Type  : Slow 1100mV 85C Model Minimum Pulse Width 'u0|pcie_cv_hip_avmm_0|c5_hip_ast|altpcie_av_hip_ast_hwtcl|altpcie_av_hip_128bit_atom|g_pcie_xcvr.av_xcvr_pipe_native_hip|inst_av_xcvr_native|inst_av_pma|av_rx_pma|rx_pmas[1].rx_pma.rx_cdr|clk90bdes'
Slack : 0.400
TNS   : 0.000

Type  : Slow 1100mV 85C Model Minimum Pulse Width 'u0|pcie_cv_hip_avmm_0|c5_hip_ast|altpcie_av_hip_ast_hwtcl|altpcie_av_hip_128bit_atom|g_pcie_xcvr.av_xcvr_pipe_native_hip|inst_av_xcvr_native|inst_av_pma|av_rx_pma|rx_pmas[2].rx_pma.rx_cdr|clk90bdes'
Slack : 0.400
TNS   : 0.000

Type  : Slow 1100mV 85C Model Minimum Pulse Width 'u0|pcie_cv_hip_avmm_0|c5_hip_ast|altpcie_av_hip_ast_hwtcl|altpcie_av_hip_128bit_atom|g_pcie_xcvr.av_xcvr_pipe_native_hip|inst_av_xcvr_native|inst_av_pma|av_rx_pma|rx_pmas[3].rx_pma.rx_cdr|clk90bdes'
Slack : 0.400
TNS   : 0.000

Type  : Slow 1100mV 85C Model Minimum Pulse Width 'u0|pcie_cv_hip_avmm_0|c5_hip_ast|altpcie_av_hip_ast_hwtcl|altpcie_av_hip_128bit_atom|g_pcie_xcvr.av_xcvr_pipe_native_hip|inst_av_xcvr_native|inst_av_pma|av_tx_pma|tx_pma_insts[0].av_tx_pma_ch_inst|tx_pma_ch.tx_cgb|lfclkp'
Slack : 1.998
TNS   : 0.000

Type  : Slow 1100mV 85C Model Minimum Pulse Width 'u0|pcie_cv_hip_avmm_0|c5_hip_ast|altpcie_av_hip_ast_hwtcl|altpcie_av_hip_128bit_atom|g_pcie_xcvr.av_xcvr_pipe_native_hip|inst_av_xcvr_native|inst_av_pma|av_tx_pma|tx_pma_insts[1].av_tx_pma_ch_inst|tx_pma_ch.tx_cgb|lfclkp'
Slack : 1.998
TNS   : 0.000

Type  : Slow 1100mV 85C Model Minimum Pulse Width 'u0|pcie_cv_hip_avmm_0|c5_hip_ast|altpcie_av_hip_ast_hwtcl|altpcie_av_hip_128bit_atom|g_pcie_xcvr.av_xcvr_pipe_native_hip|inst_av_xcvr_native|inst_av_pma|av_tx_pma|tx_pma_insts[2].av_tx_pma_ch_inst|tx_pma_ch.tx_cgb|lfclkp'
Slack : 1.998
TNS   : 0.000

Type  : Slow 1100mV 85C Model Minimum Pulse Width 'u0|pcie_cv_hip_avmm_0|c5_hip_ast|altpcie_av_hip_ast_hwtcl|altpcie_av_hip_128bit_atom|g_pcie_xcvr.av_xcvr_pipe_native_hip|inst_av_xcvr_native|inst_av_pma|av_tx_pma|tx_pma_insts[3].av_tx_pma_ch_inst|tx_pma_ch.tx_cgb|lfclkp'
Slack : 1.998
TNS   : 0.000

Type  : Slow 1100mV 85C Model Minimum Pulse Width 'u0|pcie_cv_hip_avmm_0|c5_hip_ast|altpcie_av_hip_ast_hwtcl|altpcie_av_hip_128bit_atom|g_pcie_xcvr.av_xcvr_pipe_native_hip|inst_av_xcvr_native|inst_av_pcs|ch[0].inst_av_pcs_ch|inst_av_hssi_8g_rx_pcs|wys|txpmaclk'
Slack : 2.000
TNS   : 0.000

Type  : Slow 1100mV 85C Model Minimum Pulse Width 'u0|pcie_cv_hip_avmm_0|c5_hip_ast|altpcie_av_hip_ast_hwtcl|altpcie_av_hip_128bit_atom|g_pcie_xcvr.av_xcvr_pipe_native_hip|inst_av_xcvr_native|inst_av_pcs|ch[0].inst_av_pcs_ch|inst_av_hssi_8g_tx_pcs|wys|txpmalocalclk'
Slack : 2.000
TNS   : 0.000

Type  : Slow 1100mV 85C Model Minimum Pulse Width 'u0|pcie_cv_hip_avmm_0|c5_hip_ast|altpcie_av_hip_ast_hwtcl|altpcie_av_hip_128bit_atom|g_pcie_xcvr.av_xcvr_pipe_native_hip|inst_av_xcvr_native|inst_av_pcs|ch[1].inst_av_pcs_ch|inst_av_hssi_8g_rx_pcs|wys|txpmaclk'
Slack : 2.000
TNS   : 0.000

Type  : Slow 1100mV 85C Model Minimum Pulse Width 'u0|pcie_cv_hip_avmm_0|c5_hip_ast|altpcie_av_hip_ast_hwtcl|altpcie_av_hip_128bit_atom|g_pcie_xcvr.av_xcvr_pipe_native_hip|inst_av_xcvr_native|inst_av_pcs|ch[1].inst_av_pcs_ch|inst_av_hssi_8g_tx_pcs|wys|txpmalocalclk'
Slack : 2.000
TNS   : 0.000

Type  : Slow 1100mV 85C Model Minimum Pulse Width 'u0|pcie_cv_hip_avmm_0|c5_hip_ast|altpcie_av_hip_ast_hwtcl|altpcie_av_hip_128bit_atom|g_pcie_xcvr.av_xcvr_pipe_native_hip|inst_av_xcvr_native|inst_av_pcs|ch[2].inst_av_pcs_ch|inst_av_hssi_8g_rx_pcs|wys|txpmaclk'
Slack : 2.000
TNS   : 0.000

Type  : Slow 1100mV 85C Model Minimum Pulse Width 'u0|pcie_cv_hip_avmm_0|c5_hip_ast|altpcie_av_hip_ast_hwtcl|altpcie_av_hip_128bit_atom|g_pcie_xcvr.av_xcvr_pipe_native_hip|inst_av_xcvr_native|inst_av_pcs|ch[2].inst_av_pcs_ch|inst_av_hssi_8g_tx_pcs|wys|txpmalocalclk'
Slack : 2.000
TNS   : 0.000

Type  : Slow 1100mV 85C Model Minimum Pulse Width 'u0|pcie_cv_hip_avmm_0|c5_hip_ast|altpcie_av_hip_ast_hwtcl|altpcie_av_hip_128bit_atom|g_pcie_xcvr.av_xcvr_pipe_native_hip|inst_av_xcvr_native|inst_av_pcs|ch[3].inst_av_pcs_ch|inst_av_hssi_8g_rx_pcs|wys|txpmaclk'
Slack : 2.000
TNS   : 0.000

Type  : Slow 1100mV 85C Model Minimum Pulse Width 'u0|pcie_cv_hip_avmm_0|c5_hip_ast|altpcie_av_hip_ast_hwtcl|altpcie_av_hip_128bit_atom|g_pcie_xcvr.av_xcvr_pipe_native_hip|inst_av_xcvr_native|inst_av_pcs|ch[3].inst_av_pcs_ch|inst_av_hssi_8g_tx_pcs|wys|txpmalocalclk'
Slack : 2.000
TNS   : 0.000

Type  : Slow 1100mV 85C Model Minimum Pulse Width 'u0|pcie_cv_hip_avmm_0|c5_hip_ast|altpcie_av_hip_ast_hwtcl|altpcie_av_hip_128bit_atom|g_pcie_xcvr.av_xcvr_pipe_native_hip|inst_av_xcvr_native|inst_av_pma|av_rx_pma|rx_pmas[0].rx_pma.rx_pma_deser|clk90b'
Slack : 2.000
TNS   : 0.000

Type  : Slow 1100mV 85C Model Minimum Pulse Width 'u0|pcie_cv_hip_avmm_0|c5_hip_ast|altpcie_av_hip_ast_hwtcl|altpcie_av_hip_128bit_atom|g_pcie_xcvr.av_xcvr_pipe_native_hip|inst_av_xcvr_native|inst_av_pma|av_rx_pma|rx_pmas[1].rx_pma.rx_pma_deser|clk90b'
Slack : 2.000
TNS   : 0.000

Type  : Slow 1100mV 85C Model Minimum Pulse Width 'u0|pcie_cv_hip_avmm_0|c5_hip_ast|altpcie_av_hip_ast_hwtcl|altpcie_av_hip_128bit_atom|g_pcie_xcvr.av_xcvr_pipe_native_hip|inst_av_xcvr_native|inst_av_pma|av_rx_pma|rx_pmas[2].rx_pma.rx_pma_deser|clk90b'
Slack : 2.000
TNS   : 0.000

Type  : Slow 1100mV 85C Model Minimum Pulse Width 'u0|pcie_cv_hip_avmm_0|c5_hip_ast|altpcie_av_hip_ast_hwtcl|altpcie_av_hip_128bit_atom|g_pcie_xcvr.av_xcvr_pipe_native_hip|inst_av_xcvr_native|inst_av_pma|av_rx_pma|rx_pmas[3].rx_pma.rx_pma_deser|clk90b'
Slack : 2.000
TNS   : 0.000

Type  : Slow 1100mV 85C Model Minimum Pulse Width 'u0|pcie_cv_hip_avmm_0|c5_hip_ast|altpcie_av_hip_ast_hwtcl|altpcie_av_hip_128bit_atom|g_pcie_xcvr.av_xcvr_pipe_native_hip|inst_av_xcvr_native|inst_av_pma|av_tx_pma|tx_pma_insts[1].av_tx_pma_ch_inst|tx_pma_ch.tx_cgb|cpulseout'
Slack : 2.000
TNS   : 0.000

Type  : Slow 1100mV 85C Model Minimum Pulse Width 'u0|pcie_cv_hip_avmm_0|c5_hip_ast|altpcie_av_hip_ast_hwtcl|altpcie_av_hip_128bit_atom|g_pcie_xcvr.av_xcvr_pipe_native_hip|inst_av_xcvr_native|inst_av_pma|av_tx_pma|tx_pma_insts[1].av_tx_pma_ch_inst|tx_pma_ch.tx_cgb|lfclkpout'
Slack : 2.000
TNS   : 0.000

Type  : Slow 1100mV 85C Model Minimum Pulse Width 'u0|pcie_cv_hip_avmm_0|c5_hip_ast|altpcie_av_hip_ast_hwtcl|altpcie_av_hip_128bit_atom|g_cavhip.arriav_hd_altpe2_hip_top|coreclkout'
Slack : 2.784
TNS   : 0.000

Type  : Slow 1100mV 85C Model Minimum Pulse Width 'u0|pcie_cv_hip_avmm_0|c5_hip_ast|altpcie_av_hip_ast_hwtcl|altpcie_av_hip_128bit_atom|g_pcie_xcvr.av_xcvr_pipe_native_hip|inst_av_xcvr_native|inst_av_pma|av_tx_pma|tx_pma_insts[1].av_tx_pma_ch_inst|tx_pma_ch.tx_cgb|pclkout'
Slack : 4.000
TNS   : 0.000

Type  : Slow 1100mV 85C Model Minimum Pulse Width 'alt_cal_av_edge_detect_clk'
Slack : 4.329
TNS   : 0.000

Type  : Slow 1100mV 85C Model Minimum Pulse Width 'PCIE_REFCLK_p'
Slack : 5.000
TNS   : 0.000

Type  : Slow 1100mV 85C Model Minimum Pulse Width 'u0|pcie_cv_hip_avmm_0|c5_hip_ast|altpcie_av_hip_ast_hwtcl|altpcie_av_hip_128bit_atom|g_pcie_xcvr.av_xcvr_pipe_native_hip|av_xcvr_tx_pll_inst|pll[0].pll.cmu_pll.pll_mux.pll_refclk_select_mux|clkout'
Slack : 5.000
TNS   : 0.000

Type  : Slow 1100mV 85C Model Minimum Pulse Width 'sv_reconfig_pma_testbus_clk_0'
Slack : 7.843
TNS   : 0.000

Type  : Slow 1100mV 85C Model Minimum Pulse Width 'CLOCK_50_B3B'
Slack : 8.433
TNS   : 0.000

Type  : Slow 1100mV 85C Model Minimum Pulse Width 'altera_reserved_tck'
Slack : 15.459
TNS   : 0.000

Type  : Slow 1100mV 0C Model Setup 'CLOCK_50_B3B'
Slack : -2.235
TNS   : -337.174

Type  : Slow 1100mV 0C Model Setup 'u0|pcie_cv_hip_avmm_0|c5_hip_ast|altpcie_av_hip_ast_hwtcl|altpcie_av_hip_128bit_atom|g_cavhip.arriav_hd_altpe2_hip_top|coreclkout'
Slack : -1.706
TNS   : -163.940

Type  : Slow 1100mV 0C Model Setup 'n/a'
Slack : 9.258
TNS   : 0.000

Type  : Slow 1100mV 0C Model Setup 'altera_reserved_tck'
Slack : 10.583
TNS   : 0.000

Type  : Slow 1100mV 0C Model Hold 'altera_reserved_tck'
Slack : 0.195
TNS   : 0.000

Type  : Slow 1100mV 0C Model Hold 'CLOCK_50_B3B'
Slack : 0.239
TNS   : 0.000

Type  : Slow 1100mV 0C Model Hold 'u0|pcie_cv_hip_avmm_0|c5_hip_ast|altpcie_av_hip_ast_hwtcl|altpcie_av_hip_128bit_atom|g_cavhip.arriav_hd_altpe2_hip_top|coreclkout'
Slack : 0.242
TNS   : 0.000

Type  : Slow 1100mV 0C Model Hold 'n/a'
Slack : 15.544
TNS   : 0.000

Type  : Slow 1100mV 0C Model Recovery 'CLOCK_50_B3B'
Slack : -0.923
TNS   : -30.580

Type  : Slow 1100mV 0C Model Recovery 'u0|pcie_cv_hip_avmm_0|c5_hip_ast|altpcie_av_hip_ast_hwtcl|altpcie_av_hip_128bit_atom|g_cavhip.arriav_hd_altpe2_hip_top|coreclkout'
Slack : -0.216
TNS   : -7.764

Type  : Slow 1100mV 0C Model Recovery 'altera_reserved_tck'
Slack : 25.520
TNS   : 0.000

Type  : Slow 1100mV 0C Model Removal 'u0|pcie_cv_hip_avmm_0|c5_hip_ast|altpcie_av_hip_ast_hwtcl|altpcie_av_hip_128bit_atom|g_cavhip.arriav_hd_altpe2_hip_top|coreclkout'
Slack : 0.606
TNS   : 0.000

Type  : Slow 1100mV 0C Model Removal 'altera_reserved_tck'
Slack : 0.852
TNS   : 0.000

Type  : Slow 1100mV 0C Model Removal 'CLOCK_50_B3B'
Slack : 0.945
TNS   : 0.000

Type  : Slow 1100mV 0C Model Minimum Pulse Width 'u0|pcie_cv_hip_avmm_0|c5_hip_ast|altpcie_av_hip_ast_hwtcl|altpcie_av_hip_128bit_atom|g_pcie_xcvr.av_xcvr_pipe_native_hip|av_xcvr_tx_pll_inst|pll[0].pll.cmu_pll.tx_pll|clkcdr'
Slack : 0.400
TNS   : 0.000

Type  : Slow 1100mV 0C Model Minimum Pulse Width 'u0|pcie_cv_hip_avmm_0|c5_hip_ast|altpcie_av_hip_ast_hwtcl|altpcie_av_hip_128bit_atom|g_pcie_xcvr.av_xcvr_pipe_native_hip|inst_av_xcvr_native|inst_av_pma|av_rx_pma|rx_pmas[0].rx_pma.rx_cdr|clk90bdes'
Slack : 0.400
TNS   : 0.000

Type  : Slow 1100mV 0C Model Minimum Pulse Width 'u0|pcie_cv_hip_avmm_0|c5_hip_ast|altpcie_av_hip_ast_hwtcl|altpcie_av_hip_128bit_atom|g_pcie_xcvr.av_xcvr_pipe_native_hip|inst_av_xcvr_native|inst_av_pma|av_rx_pma|rx_pmas[1].rx_pma.rx_cdr|clk90bdes'
Slack : 0.400
TNS   : 0.000

Type  : Slow 1100mV 0C Model Minimum Pulse Width 'u0|pcie_cv_hip_avmm_0|c5_hip_ast|altpcie_av_hip_ast_hwtcl|altpcie_av_hip_128bit_atom|g_pcie_xcvr.av_xcvr_pipe_native_hip|inst_av_xcvr_native|inst_av_pma|av_rx_pma|rx_pmas[2].rx_pma.rx_cdr|clk90bdes'
Slack : 0.400
TNS   : 0.000

Type  : Slow 1100mV 0C Model Minimum Pulse Width 'u0|pcie_cv_hip_avmm_0|c5_hip_ast|altpcie_av_hip_ast_hwtcl|altpcie_av_hip_128bit_atom|g_pcie_xcvr.av_xcvr_pipe_native_hip|inst_av_xcvr_native|inst_av_pma|av_rx_pma|rx_pmas[3].rx_pma.rx_cdr|clk90bdes'
Slack : 0.400
TNS   : 0.000

Type  : Slow 1100mV 0C Model Minimum Pulse Width 'u0|pcie_cv_hip_avmm_0|c5_hip_ast|altpcie_av_hip_ast_hwtcl|altpcie_av_hip_128bit_atom|g_pcie_xcvr.av_xcvr_pipe_native_hip|inst_av_xcvr_native|inst_av_pma|av_tx_pma|tx_pma_insts[0].av_tx_pma_ch_inst|tx_pma_ch.tx_cgb|lfclkp'
Slack : 1.999
TNS   : 0.000

Type  : Slow 1100mV 0C Model Minimum Pulse Width 'u0|pcie_cv_hip_avmm_0|c5_hip_ast|altpcie_av_hip_ast_hwtcl|altpcie_av_hip_128bit_atom|g_pcie_xcvr.av_xcvr_pipe_native_hip|inst_av_xcvr_native|inst_av_pma|av_tx_pma|tx_pma_insts[1].av_tx_pma_ch_inst|tx_pma_ch.tx_cgb|lfclkp'
Slack : 1.999
TNS   : 0.000

Type  : Slow 1100mV 0C Model Minimum Pulse Width 'u0|pcie_cv_hip_avmm_0|c5_hip_ast|altpcie_av_hip_ast_hwtcl|altpcie_av_hip_128bit_atom|g_pcie_xcvr.av_xcvr_pipe_native_hip|inst_av_xcvr_native|inst_av_pma|av_tx_pma|tx_pma_insts[2].av_tx_pma_ch_inst|tx_pma_ch.tx_cgb|lfclkp'
Slack : 1.999
TNS   : 0.000

Type  : Slow 1100mV 0C Model Minimum Pulse Width 'u0|pcie_cv_hip_avmm_0|c5_hip_ast|altpcie_av_hip_ast_hwtcl|altpcie_av_hip_128bit_atom|g_pcie_xcvr.av_xcvr_pipe_native_hip|inst_av_xcvr_native|inst_av_pma|av_tx_pma|tx_pma_insts[3].av_tx_pma_ch_inst|tx_pma_ch.tx_cgb|lfclkp'
Slack : 1.999
TNS   : 0.000

Type  : Slow 1100mV 0C Model Minimum Pulse Width 'u0|pcie_cv_hip_avmm_0|c5_hip_ast|altpcie_av_hip_ast_hwtcl|altpcie_av_hip_128bit_atom|g_pcie_xcvr.av_xcvr_pipe_native_hip|inst_av_xcvr_native|inst_av_pcs|ch[0].inst_av_pcs_ch|inst_av_hssi_8g_rx_pcs|wys|txpmaclk'
Slack : 2.000
TNS   : 0.000

Type  : Slow 1100mV 0C Model Minimum Pulse Width 'u0|pcie_cv_hip_avmm_0|c5_hip_ast|altpcie_av_hip_ast_hwtcl|altpcie_av_hip_128bit_atom|g_pcie_xcvr.av_xcvr_pipe_native_hip|inst_av_xcvr_native|inst_av_pcs|ch[0].inst_av_pcs_ch|inst_av_hssi_8g_tx_pcs|wys|txpmalocalclk'
Slack : 2.000
TNS   : 0.000

Type  : Slow 1100mV 0C Model Minimum Pulse Width 'u0|pcie_cv_hip_avmm_0|c5_hip_ast|altpcie_av_hip_ast_hwtcl|altpcie_av_hip_128bit_atom|g_pcie_xcvr.av_xcvr_pipe_native_hip|inst_av_xcvr_native|inst_av_pcs|ch[1].inst_av_pcs_ch|inst_av_hssi_8g_rx_pcs|wys|txpmaclk'
Slack : 2.000
TNS   : 0.000

Type  : Slow 1100mV 0C Model Minimum Pulse Width 'u0|pcie_cv_hip_avmm_0|c5_hip_ast|altpcie_av_hip_ast_hwtcl|altpcie_av_hip_128bit_atom|g_pcie_xcvr.av_xcvr_pipe_native_hip|inst_av_xcvr_native|inst_av_pcs|ch[1].inst_av_pcs_ch|inst_av_hssi_8g_tx_pcs|wys|txpmalocalclk'
Slack : 2.000
TNS   : 0.000

Type  : Slow 1100mV 0C Model Minimum Pulse Width 'u0|pcie_cv_hip_avmm_0|c5_hip_ast|altpcie_av_hip_ast_hwtcl|altpcie_av_hip_128bit_atom|g_pcie_xcvr.av_xcvr_pipe_native_hip|inst_av_xcvr_native|inst_av_pcs|ch[2].inst_av_pcs_ch|inst_av_hssi_8g_rx_pcs|wys|txpmaclk'
Slack : 2.000
TNS   : 0.000

Type  : Slow 1100mV 0C Model Minimum Pulse Width 'u0|pcie_cv_hip_avmm_0|c5_hip_ast|altpcie_av_hip_ast_hwtcl|altpcie_av_hip_128bit_atom|g_pcie_xcvr.av_xcvr_pipe_native_hip|inst_av_xcvr_native|inst_av_pcs|ch[2].inst_av_pcs_ch|inst_av_hssi_8g_tx_pcs|wys|txpmalocalclk'
Slack : 2.000
TNS   : 0.000

Type  : Slow 1100mV 0C Model Minimum Pulse Width 'u0|pcie_cv_hip_avmm_0|c5_hip_ast|altpcie_av_hip_ast_hwtcl|altpcie_av_hip_128bit_atom|g_pcie_xcvr.av_xcvr_pipe_native_hip|inst_av_xcvr_native|inst_av_pcs|ch[3].inst_av_pcs_ch|inst_av_hssi_8g_rx_pcs|wys|txpmaclk'
Slack : 2.000
TNS   : 0.000

Type  : Slow 1100mV 0C Model Minimum Pulse Width 'u0|pcie_cv_hip_avmm_0|c5_hip_ast|altpcie_av_hip_ast_hwtcl|altpcie_av_hip_128bit_atom|g_pcie_xcvr.av_xcvr_pipe_native_hip|inst_av_xcvr_native|inst_av_pcs|ch[3].inst_av_pcs_ch|inst_av_hssi_8g_tx_pcs|wys|txpmalocalclk'
Slack : 2.000
TNS   : 0.000

Type  : Slow 1100mV 0C Model Minimum Pulse Width 'u0|pcie_cv_hip_avmm_0|c5_hip_ast|altpcie_av_hip_ast_hwtcl|altpcie_av_hip_128bit_atom|g_pcie_xcvr.av_xcvr_pipe_native_hip|inst_av_xcvr_native|inst_av_pma|av_rx_pma|rx_pmas[0].rx_pma.rx_pma_deser|clk90b'
Slack : 2.000
TNS   : 0.000

Type  : Slow 1100mV 0C Model Minimum Pulse Width 'u0|pcie_cv_hip_avmm_0|c5_hip_ast|altpcie_av_hip_ast_hwtcl|altpcie_av_hip_128bit_atom|g_pcie_xcvr.av_xcvr_pipe_native_hip|inst_av_xcvr_native|inst_av_pma|av_rx_pma|rx_pmas[1].rx_pma.rx_pma_deser|clk90b'
Slack : 2.000
TNS   : 0.000

Type  : Slow 1100mV 0C Model Minimum Pulse Width 'u0|pcie_cv_hip_avmm_0|c5_hip_ast|altpcie_av_hip_ast_hwtcl|altpcie_av_hip_128bit_atom|g_pcie_xcvr.av_xcvr_pipe_native_hip|inst_av_xcvr_native|inst_av_pma|av_rx_pma|rx_pmas[2].rx_pma.rx_pma_deser|clk90b'
Slack : 2.000
TNS   : 0.000

Type  : Slow 1100mV 0C Model Minimum Pulse Width 'u0|pcie_cv_hip_avmm_0|c5_hip_ast|altpcie_av_hip_ast_hwtcl|altpcie_av_hip_128bit_atom|g_pcie_xcvr.av_xcvr_pipe_native_hip|inst_av_xcvr_native|inst_av_pma|av_rx_pma|rx_pmas[3].rx_pma.rx_pma_deser|clk90b'
Slack : 2.000
TNS   : 0.000

Type  : Slow 1100mV 0C Model Minimum Pulse Width 'u0|pcie_cv_hip_avmm_0|c5_hip_ast|altpcie_av_hip_ast_hwtcl|altpcie_av_hip_128bit_atom|g_pcie_xcvr.av_xcvr_pipe_native_hip|inst_av_xcvr_native|inst_av_pma|av_tx_pma|tx_pma_insts[1].av_tx_pma_ch_inst|tx_pma_ch.tx_cgb|cpulseout'
Slack : 2.000
TNS   : 0.000

Type  : Slow 1100mV 0C Model Minimum Pulse Width 'u0|pcie_cv_hip_avmm_0|c5_hip_ast|altpcie_av_hip_ast_hwtcl|altpcie_av_hip_128bit_atom|g_pcie_xcvr.av_xcvr_pipe_native_hip|inst_av_xcvr_native|inst_av_pma|av_tx_pma|tx_pma_insts[1].av_tx_pma_ch_inst|tx_pma_ch.tx_cgb|lfclkpout'
Slack : 2.000
TNS   : 0.000

Type  : Slow 1100mV 0C Model Minimum Pulse Width 'u0|pcie_cv_hip_avmm_0|c5_hip_ast|altpcie_av_hip_ast_hwtcl|altpcie_av_hip_128bit_atom|g_cavhip.arriav_hd_altpe2_hip_top|coreclkout'
Slack : 2.812
TNS   : 0.000

Type  : Slow 1100mV 0C Model Minimum Pulse Width 'u0|pcie_cv_hip_avmm_0|c5_hip_ast|altpcie_av_hip_ast_hwtcl|altpcie_av_hip_128bit_atom|g_pcie_xcvr.av_xcvr_pipe_native_hip|inst_av_xcvr_native|inst_av_pma|av_tx_pma|tx_pma_insts[1].av_tx_pma_ch_inst|tx_pma_ch.tx_cgb|pclkout'
Slack : 4.000
TNS   : 0.000

Type  : Slow 1100mV 0C Model Minimum Pulse Width 'alt_cal_av_edge_detect_clk'
Slack : 4.288
TNS   : 0.000

Type  : Slow 1100mV 0C Model Minimum Pulse Width 'PCIE_REFCLK_p'
Slack : 5.000
TNS   : 0.000

Type  : Slow 1100mV 0C Model Minimum Pulse Width 'u0|pcie_cv_hip_avmm_0|c5_hip_ast|altpcie_av_hip_ast_hwtcl|altpcie_av_hip_128bit_atom|g_pcie_xcvr.av_xcvr_pipe_native_hip|av_xcvr_tx_pll_inst|pll[0].pll.cmu_pll.pll_mux.pll_refclk_select_mux|clkout'
Slack : 5.000
TNS   : 0.000

Type  : Slow 1100mV 0C Model Minimum Pulse Width 'sv_reconfig_pma_testbus_clk_0'
Slack : 7.859
TNS   : 0.000

Type  : Slow 1100mV 0C Model Minimum Pulse Width 'CLOCK_50_B3B'
Slack : 8.395
TNS   : 0.000

Type  : Slow 1100mV 0C Model Minimum Pulse Width 'altera_reserved_tck'
Slack : 15.385
TNS   : 0.000

Type  : Fast 1100mV 85C Model Setup 'u0|pcie_cv_hip_avmm_0|c5_hip_ast|altpcie_av_hip_ast_hwtcl|altpcie_av_hip_128bit_atom|g_cavhip.arriav_hd_altpe2_hip_top|coreclkout'
Slack : 0.453
TNS   : 0.000

Type  : Fast 1100mV 85C Model Setup 'CLOCK_50_B3B'
Slack : 0.886
TNS   : 0.000

Type  : Fast 1100mV 85C Model Setup 'n/a'
Slack : 13.732
TNS   : 0.000

Type  : Fast 1100mV 85C Model Setup 'altera_reserved_tck'
Slack : 13.752
TNS   : 0.000

Type  : Fast 1100mV 85C Model Hold 'CLOCK_50_B3B'
Slack : 0.134
TNS   : 0.000

Type  : Fast 1100mV 85C Model Hold 'u0|pcie_cv_hip_avmm_0|c5_hip_ast|altpcie_av_hip_ast_hwtcl|altpcie_av_hip_128bit_atom|g_cavhip.arriav_hd_altpe2_hip_top|coreclkout'
Slack : 0.134
TNS   : 0.000

Type  : Fast 1100mV 85C Model Hold 'altera_reserved_tck'
Slack : 0.176
TNS   : 0.000

Type  : Fast 1100mV 85C Model Hold 'n/a'
Slack : 12.808
TNS   : 0.000

Type  : Fast 1100mV 85C Model Recovery 'CLOCK_50_B3B'
Slack : 1.414
TNS   : 0.000

Type  : Fast 1100mV 85C Model Recovery 'u0|pcie_cv_hip_avmm_0|c5_hip_ast|altpcie_av_hip_ast_hwtcl|altpcie_av_hip_128bit_atom|g_cavhip.arriav_hd_altpe2_hip_top|coreclkout'
Slack : 1.527
TNS   : 0.000

Type  : Fast 1100mV 85C Model Recovery 'altera_reserved_tck'
Slack : 28.425
TNS   : 0.000

Type  : Fast 1100mV 85C Model Removal 'u0|pcie_cv_hip_avmm_0|c5_hip_ast|altpcie_av_hip_ast_hwtcl|altpcie_av_hip_128bit_atom|g_cavhip.arriav_hd_altpe2_hip_top|coreclkout'
Slack : 0.293
TNS   : 0.000

Type  : Fast 1100mV 85C Model Removal 'altera_reserved_tck'
Slack : 0.434
TNS   : 0.000

Type  : Fast 1100mV 85C Model Removal 'CLOCK_50_B3B'
Slack : 0.487
TNS   : 0.000

Type  : Fast 1100mV 85C Model Minimum Pulse Width 'u0|pcie_cv_hip_avmm_0|c5_hip_ast|altpcie_av_hip_ast_hwtcl|altpcie_av_hip_128bit_atom|g_pcie_xcvr.av_xcvr_pipe_native_hip|av_xcvr_tx_pll_inst|pll[0].pll.cmu_pll.tx_pll|clkcdr'
Slack : 0.400
TNS   : 0.000

Type  : Fast 1100mV 85C Model Minimum Pulse Width 'u0|pcie_cv_hip_avmm_0|c5_hip_ast|altpcie_av_hip_ast_hwtcl|altpcie_av_hip_128bit_atom|g_pcie_xcvr.av_xcvr_pipe_native_hip|inst_av_xcvr_native|inst_av_pma|av_rx_pma|rx_pmas[0].rx_pma.rx_cdr|clk90bdes'
Slack : 0.400
TNS   : 0.000

Type  : Fast 1100mV 85C Model Minimum Pulse Width 'u0|pcie_cv_hip_avmm_0|c5_hip_ast|altpcie_av_hip_ast_hwtcl|altpcie_av_hip_128bit_atom|g_pcie_xcvr.av_xcvr_pipe_native_hip|inst_av_xcvr_native|inst_av_pma|av_rx_pma|rx_pmas[1].rx_pma.rx_cdr|clk90bdes'
Slack : 0.400
TNS   : 0.000

Type  : Fast 1100mV 85C Model Minimum Pulse Width 'u0|pcie_cv_hip_avmm_0|c5_hip_ast|altpcie_av_hip_ast_hwtcl|altpcie_av_hip_128bit_atom|g_pcie_xcvr.av_xcvr_pipe_native_hip|inst_av_xcvr_native|inst_av_pma|av_rx_pma|rx_pmas[2].rx_pma.rx_cdr|clk90bdes'
Slack : 0.400
TNS   : 0.000

Type  : Fast 1100mV 85C Model Minimum Pulse Width 'u0|pcie_cv_hip_avmm_0|c5_hip_ast|altpcie_av_hip_ast_hwtcl|altpcie_av_hip_128bit_atom|g_pcie_xcvr.av_xcvr_pipe_native_hip|inst_av_xcvr_native|inst_av_pma|av_rx_pma|rx_pmas[3].rx_pma.rx_cdr|clk90bdes'
Slack : 0.400
TNS   : 0.000

Type  : Fast 1100mV 85C Model Minimum Pulse Width 'u0|pcie_cv_hip_avmm_0|c5_hip_ast|altpcie_av_hip_ast_hwtcl|altpcie_av_hip_128bit_atom|g_pcie_xcvr.av_xcvr_pipe_native_hip|inst_av_xcvr_native|inst_av_pma|av_tx_pma|tx_pma_insts[0].av_tx_pma_ch_inst|tx_pma_ch.tx_cgb|lfclkp'
Slack : 1.996
TNS   : 0.000

Type  : Fast 1100mV 85C Model Minimum Pulse Width 'u0|pcie_cv_hip_avmm_0|c5_hip_ast|altpcie_av_hip_ast_hwtcl|altpcie_av_hip_128bit_atom|g_pcie_xcvr.av_xcvr_pipe_native_hip|inst_av_xcvr_native|inst_av_pma|av_tx_pma|tx_pma_insts[1].av_tx_pma_ch_inst|tx_pma_ch.tx_cgb|lfclkp'
Slack : 1.996
TNS   : 0.000

Type  : Fast 1100mV 85C Model Minimum Pulse Width 'u0|pcie_cv_hip_avmm_0|c5_hip_ast|altpcie_av_hip_ast_hwtcl|altpcie_av_hip_128bit_atom|g_pcie_xcvr.av_xcvr_pipe_native_hip|inst_av_xcvr_native|inst_av_pma|av_tx_pma|tx_pma_insts[2].av_tx_pma_ch_inst|tx_pma_ch.tx_cgb|lfclkp'
Slack : 1.996
TNS   : 0.000

Type  : Fast 1100mV 85C Model Minimum Pulse Width 'u0|pcie_cv_hip_avmm_0|c5_hip_ast|altpcie_av_hip_ast_hwtcl|altpcie_av_hip_128bit_atom|g_pcie_xcvr.av_xcvr_pipe_native_hip|inst_av_xcvr_native|inst_av_pma|av_tx_pma|tx_pma_insts[3].av_tx_pma_ch_inst|tx_pma_ch.tx_cgb|lfclkp'
Slack : 1.996
TNS   : 0.000

Type  : Fast 1100mV 85C Model Minimum Pulse Width 'u0|pcie_cv_hip_avmm_0|c5_hip_ast|altpcie_av_hip_ast_hwtcl|altpcie_av_hip_128bit_atom|g_pcie_xcvr.av_xcvr_pipe_native_hip|inst_av_xcvr_native|inst_av_pcs|ch[0].inst_av_pcs_ch|inst_av_hssi_8g_rx_pcs|wys|txpmaclk'
Slack : 2.000
TNS   : 0.000

Type  : Fast 1100mV 85C Model Minimum Pulse Width 'u0|pcie_cv_hip_avmm_0|c5_hip_ast|altpcie_av_hip_ast_hwtcl|altpcie_av_hip_128bit_atom|g_pcie_xcvr.av_xcvr_pipe_native_hip|inst_av_xcvr_native|inst_av_pcs|ch[0].inst_av_pcs_ch|inst_av_hssi_8g_tx_pcs|wys|txpmalocalclk'
Slack : 2.000
TNS   : 0.000

Type  : Fast 1100mV 85C Model Minimum Pulse Width 'u0|pcie_cv_hip_avmm_0|c5_hip_ast|altpcie_av_hip_ast_hwtcl|altpcie_av_hip_128bit_atom|g_pcie_xcvr.av_xcvr_pipe_native_hip|inst_av_xcvr_native|inst_av_pcs|ch[1].inst_av_pcs_ch|inst_av_hssi_8g_rx_pcs|wys|txpmaclk'
Slack : 2.000
TNS   : 0.000

Type  : Fast 1100mV 85C Model Minimum Pulse Width 'u0|pcie_cv_hip_avmm_0|c5_hip_ast|altpcie_av_hip_ast_hwtcl|altpcie_av_hip_128bit_atom|g_pcie_xcvr.av_xcvr_pipe_native_hip|inst_av_xcvr_native|inst_av_pcs|ch[1].inst_av_pcs_ch|inst_av_hssi_8g_tx_pcs|wys|txpmalocalclk'
Slack : 2.000
TNS   : 0.000

Type  : Fast 1100mV 85C Model Minimum Pulse Width 'u0|pcie_cv_hip_avmm_0|c5_hip_ast|altpcie_av_hip_ast_hwtcl|altpcie_av_hip_128bit_atom|g_pcie_xcvr.av_xcvr_pipe_native_hip|inst_av_xcvr_native|inst_av_pcs|ch[2].inst_av_pcs_ch|inst_av_hssi_8g_rx_pcs|wys|txpmaclk'
Slack : 2.000
TNS   : 0.000

Type  : Fast 1100mV 85C Model Minimum Pulse Width 'u0|pcie_cv_hip_avmm_0|c5_hip_ast|altpcie_av_hip_ast_hwtcl|altpcie_av_hip_128bit_atom|g_pcie_xcvr.av_xcvr_pipe_native_hip|inst_av_xcvr_native|inst_av_pcs|ch[2].inst_av_pcs_ch|inst_av_hssi_8g_tx_pcs|wys|txpmalocalclk'
Slack : 2.000
TNS   : 0.000

Type  : Fast 1100mV 85C Model Minimum Pulse Width 'u0|pcie_cv_hip_avmm_0|c5_hip_ast|altpcie_av_hip_ast_hwtcl|altpcie_av_hip_128bit_atom|g_pcie_xcvr.av_xcvr_pipe_native_hip|inst_av_xcvr_native|inst_av_pcs|ch[3].inst_av_pcs_ch|inst_av_hssi_8g_rx_pcs|wys|txpmaclk'
Slack : 2.000
TNS   : 0.000

Type  : Fast 1100mV 85C Model Minimum Pulse Width 'u0|pcie_cv_hip_avmm_0|c5_hip_ast|altpcie_av_hip_ast_hwtcl|altpcie_av_hip_128bit_atom|g_pcie_xcvr.av_xcvr_pipe_native_hip|inst_av_xcvr_native|inst_av_pcs|ch[3].inst_av_pcs_ch|inst_av_hssi_8g_tx_pcs|wys|txpmalocalclk'
Slack : 2.000
TNS   : 0.000

Type  : Fast 1100mV 85C Model Minimum Pulse Width 'u0|pcie_cv_hip_avmm_0|c5_hip_ast|altpcie_av_hip_ast_hwtcl|altpcie_av_hip_128bit_atom|g_pcie_xcvr.av_xcvr_pipe_native_hip|inst_av_xcvr_native|inst_av_pma|av_rx_pma|rx_pmas[0].rx_pma.rx_pma_deser|clk90b'
Slack : 2.000
TNS   : 0.000

Type  : Fast 1100mV 85C Model Minimum Pulse Width 'u0|pcie_cv_hip_avmm_0|c5_hip_ast|altpcie_av_hip_ast_hwtcl|altpcie_av_hip_128bit_atom|g_pcie_xcvr.av_xcvr_pipe_native_hip|inst_av_xcvr_native|inst_av_pma|av_rx_pma|rx_pmas[1].rx_pma.rx_pma_deser|clk90b'
Slack : 2.000
TNS   : 0.000

Type  : Fast 1100mV 85C Model Minimum Pulse Width 'u0|pcie_cv_hip_avmm_0|c5_hip_ast|altpcie_av_hip_ast_hwtcl|altpcie_av_hip_128bit_atom|g_pcie_xcvr.av_xcvr_pipe_native_hip|inst_av_xcvr_native|inst_av_pma|av_rx_pma|rx_pmas[2].rx_pma.rx_pma_deser|clk90b'
Slack : 2.000
TNS   : 0.000

Type  : Fast 1100mV 85C Model Minimum Pulse Width 'u0|pcie_cv_hip_avmm_0|c5_hip_ast|altpcie_av_hip_ast_hwtcl|altpcie_av_hip_128bit_atom|g_pcie_xcvr.av_xcvr_pipe_native_hip|inst_av_xcvr_native|inst_av_pma|av_rx_pma|rx_pmas[3].rx_pma.rx_pma_deser|clk90b'
Slack : 2.000
TNS   : 0.000

Type  : Fast 1100mV 85C Model Minimum Pulse Width 'u0|pcie_cv_hip_avmm_0|c5_hip_ast|altpcie_av_hip_ast_hwtcl|altpcie_av_hip_128bit_atom|g_pcie_xcvr.av_xcvr_pipe_native_hip|inst_av_xcvr_native|inst_av_pma|av_tx_pma|tx_pma_insts[1].av_tx_pma_ch_inst|tx_pma_ch.tx_cgb|cpulseout'
Slack : 2.000
TNS   : 0.000

Type  : Fast 1100mV 85C Model Minimum Pulse Width 'u0|pcie_cv_hip_avmm_0|c5_hip_ast|altpcie_av_hip_ast_hwtcl|altpcie_av_hip_128bit_atom|g_pcie_xcvr.av_xcvr_pipe_native_hip|inst_av_xcvr_native|inst_av_pma|av_tx_pma|tx_pma_insts[1].av_tx_pma_ch_inst|tx_pma_ch.tx_cgb|lfclkpout'
Slack : 2.000
TNS   : 0.000

Type  : Fast 1100mV 85C Model Minimum Pulse Width 'u0|pcie_cv_hip_avmm_0|c5_hip_ast|altpcie_av_hip_ast_hwtcl|altpcie_av_hip_128bit_atom|g_cavhip.arriav_hd_altpe2_hip_top|coreclkout'
Slack : 2.862
TNS   : 0.000

Type  : Fast 1100mV 85C Model Minimum Pulse Width 'u0|pcie_cv_hip_avmm_0|c5_hip_ast|altpcie_av_hip_ast_hwtcl|altpcie_av_hip_128bit_atom|g_pcie_xcvr.av_xcvr_pipe_native_hip|inst_av_xcvr_native|inst_av_pma|av_tx_pma|tx_pma_insts[1].av_tx_pma_ch_inst|tx_pma_ch.tx_cgb|pclkout'
Slack : 4.000
TNS   : 0.000

Type  : Fast 1100mV 85C Model Minimum Pulse Width 'alt_cal_av_edge_detect_clk'
Slack : 4.642
TNS   : 0.000

Type  : Fast 1100mV 85C Model Minimum Pulse Width 'PCIE_REFCLK_p'
Slack : 5.000
TNS   : 0.000

Type  : Fast 1100mV 85C Model Minimum Pulse Width 'u0|pcie_cv_hip_avmm_0|c5_hip_ast|altpcie_av_hip_ast_hwtcl|altpcie_av_hip_128bit_atom|g_pcie_xcvr.av_xcvr_pipe_native_hip|av_xcvr_tx_pll_inst|pll[0].pll.cmu_pll.pll_mux.pll_refclk_select_mux|clkout'
Slack : 5.000
TNS   : 0.000

Type  : Fast 1100mV 85C Model Minimum Pulse Width 'CLOCK_50_B3B'
Slack : 8.792
TNS   : 0.000

Type  : Fast 1100mV 85C Model Minimum Pulse Width 'sv_reconfig_pma_testbus_clk_0'
Slack : 9.024
TNS   : 0.000

Type  : Fast 1100mV 85C Model Minimum Pulse Width 'altera_reserved_tck'
Slack : 14.931
TNS   : 0.000

Type  : Fast 1100mV 0C Model Setup 'u0|pcie_cv_hip_avmm_0|c5_hip_ast|altpcie_av_hip_ast_hwtcl|altpcie_av_hip_128bit_atom|g_cavhip.arriav_hd_altpe2_hip_top|coreclkout'
Slack : 0.770
TNS   : 0.000

Type  : Fast 1100mV 0C Model Setup 'CLOCK_50_B3B'
Slack : 1.189
TNS   : 0.000

Type  : Fast 1100mV 0C Model Setup 'n/a'
Slack : 14.255
TNS   : 0.000

Type  : Fast 1100mV 0C Model Setup 'altera_reserved_tck'
Slack : 14.298
TNS   : 0.000

Type  : Fast 1100mV 0C Model Hold 'CLOCK_50_B3B'
Slack : 0.092
TNS   : 0.000

Type  : Fast 1100mV 0C Model Hold 'u0|pcie_cv_hip_avmm_0|c5_hip_ast|altpcie_av_hip_ast_hwtcl|altpcie_av_hip_128bit_atom|g_cavhip.arriav_hd_altpe2_hip_top|coreclkout'
Slack : 0.103
TNS   : 0.000

Type  : Fast 1100mV 0C Model Hold 'altera_reserved_tck'
Slack : 0.168
TNS   : 0.000

Type  : Fast 1100mV 0C Model Hold 'n/a'
Slack : 12.728
TNS   : 0.000

Type  : Fast 1100mV 0C Model Recovery 'u0|pcie_cv_hip_avmm_0|c5_hip_ast|altpcie_av_hip_ast_hwtcl|altpcie_av_hip_128bit_atom|g_cavhip.arriav_hd_altpe2_hip_top|coreclkout'
Slack : 1.680
TNS   : 0.000

Type  : Fast 1100mV 0C Model Recovery 'CLOCK_50_B3B'
Slack : 1.770
TNS   : 0.000

Type  : Fast 1100mV 0C Model Recovery 'altera_reserved_tck'
Slack : 29.083
TNS   : 0.000

Type  : Fast 1100mV 0C Model Removal 'u0|pcie_cv_hip_avmm_0|c5_hip_ast|altpcie_av_hip_ast_hwtcl|altpcie_av_hip_128bit_atom|g_cavhip.arriav_hd_altpe2_hip_top|coreclkout'
Slack : 0.263
TNS   : 0.000

Type  : Fast 1100mV 0C Model Removal 'altera_reserved_tck'
Slack : 0.390
TNS   : 0.000

Type  : Fast 1100mV 0C Model Removal 'CLOCK_50_B3B'
Slack : 0.408
TNS   : 0.000

Type  : Fast 1100mV 0C Model Minimum Pulse Width 'u0|pcie_cv_hip_avmm_0|c5_hip_ast|altpcie_av_hip_ast_hwtcl|altpcie_av_hip_128bit_atom|g_pcie_xcvr.av_xcvr_pipe_native_hip|av_xcvr_tx_pll_inst|pll[0].pll.cmu_pll.tx_pll|clkcdr'
Slack : 0.400
TNS   : 0.000

Type  : Fast 1100mV 0C Model Minimum Pulse Width 'u0|pcie_cv_hip_avmm_0|c5_hip_ast|altpcie_av_hip_ast_hwtcl|altpcie_av_hip_128bit_atom|g_pcie_xcvr.av_xcvr_pipe_native_hip|inst_av_xcvr_native|inst_av_pma|av_rx_pma|rx_pmas[0].rx_pma.rx_cdr|clk90bdes'
Slack : 0.400
TNS   : 0.000

Type  : Fast 1100mV 0C Model Minimum Pulse Width 'u0|pcie_cv_hip_avmm_0|c5_hip_ast|altpcie_av_hip_ast_hwtcl|altpcie_av_hip_128bit_atom|g_pcie_xcvr.av_xcvr_pipe_native_hip|inst_av_xcvr_native|inst_av_pma|av_rx_pma|rx_pmas[1].rx_pma.rx_cdr|clk90bdes'
Slack : 0.400
TNS   : 0.000

Type  : Fast 1100mV 0C Model Minimum Pulse Width 'u0|pcie_cv_hip_avmm_0|c5_hip_ast|altpcie_av_hip_ast_hwtcl|altpcie_av_hip_128bit_atom|g_pcie_xcvr.av_xcvr_pipe_native_hip|inst_av_xcvr_native|inst_av_pma|av_rx_pma|rx_pmas[2].rx_pma.rx_cdr|clk90bdes'
Slack : 0.400
TNS   : 0.000

Type  : Fast 1100mV 0C Model Minimum Pulse Width 'u0|pcie_cv_hip_avmm_0|c5_hip_ast|altpcie_av_hip_ast_hwtcl|altpcie_av_hip_128bit_atom|g_pcie_xcvr.av_xcvr_pipe_native_hip|inst_av_xcvr_native|inst_av_pma|av_rx_pma|rx_pmas[3].rx_pma.rx_cdr|clk90bdes'
Slack : 0.400
TNS   : 0.000

Type  : Fast 1100mV 0C Model Minimum Pulse Width 'u0|pcie_cv_hip_avmm_0|c5_hip_ast|altpcie_av_hip_ast_hwtcl|altpcie_av_hip_128bit_atom|g_pcie_xcvr.av_xcvr_pipe_native_hip|inst_av_xcvr_native|inst_av_pma|av_tx_pma|tx_pma_insts[0].av_tx_pma_ch_inst|tx_pma_ch.tx_cgb|lfclkp'
Slack : 1.997
TNS   : 0.000

Type  : Fast 1100mV 0C Model Minimum Pulse Width 'u0|pcie_cv_hip_avmm_0|c5_hip_ast|altpcie_av_hip_ast_hwtcl|altpcie_av_hip_128bit_atom|g_pcie_xcvr.av_xcvr_pipe_native_hip|inst_av_xcvr_native|inst_av_pma|av_tx_pma|tx_pma_insts[1].av_tx_pma_ch_inst|tx_pma_ch.tx_cgb|lfclkp'
Slack : 1.997
TNS   : 0.000

Type  : Fast 1100mV 0C Model Minimum Pulse Width 'u0|pcie_cv_hip_avmm_0|c5_hip_ast|altpcie_av_hip_ast_hwtcl|altpcie_av_hip_128bit_atom|g_pcie_xcvr.av_xcvr_pipe_native_hip|inst_av_xcvr_native|inst_av_pma|av_tx_pma|tx_pma_insts[2].av_tx_pma_ch_inst|tx_pma_ch.tx_cgb|lfclkp'
Slack : 1.997
TNS   : 0.000

Type  : Fast 1100mV 0C Model Minimum Pulse Width 'u0|pcie_cv_hip_avmm_0|c5_hip_ast|altpcie_av_hip_ast_hwtcl|altpcie_av_hip_128bit_atom|g_pcie_xcvr.av_xcvr_pipe_native_hip|inst_av_xcvr_native|inst_av_pma|av_tx_pma|tx_pma_insts[3].av_tx_pma_ch_inst|tx_pma_ch.tx_cgb|lfclkp'
Slack : 1.997
TNS   : 0.000

Type  : Fast 1100mV 0C Model Minimum Pulse Width 'u0|pcie_cv_hip_avmm_0|c5_hip_ast|altpcie_av_hip_ast_hwtcl|altpcie_av_hip_128bit_atom|g_pcie_xcvr.av_xcvr_pipe_native_hip|inst_av_xcvr_native|inst_av_pcs|ch[0].inst_av_pcs_ch|inst_av_hssi_8g_rx_pcs|wys|txpmaclk'
Slack : 2.000
TNS   : 0.000

Type  : Fast 1100mV 0C Model Minimum Pulse Width 'u0|pcie_cv_hip_avmm_0|c5_hip_ast|altpcie_av_hip_ast_hwtcl|altpcie_av_hip_128bit_atom|g_pcie_xcvr.av_xcvr_pipe_native_hip|inst_av_xcvr_native|inst_av_pcs|ch[0].inst_av_pcs_ch|inst_av_hssi_8g_tx_pcs|wys|txpmalocalclk'
Slack : 2.000
TNS   : 0.000

Type  : Fast 1100mV 0C Model Minimum Pulse Width 'u0|pcie_cv_hip_avmm_0|c5_hip_ast|altpcie_av_hip_ast_hwtcl|altpcie_av_hip_128bit_atom|g_pcie_xcvr.av_xcvr_pipe_native_hip|inst_av_xcvr_native|inst_av_pcs|ch[1].inst_av_pcs_ch|inst_av_hssi_8g_rx_pcs|wys|txpmaclk'
Slack : 2.000
TNS   : 0.000

Type  : Fast 1100mV 0C Model Minimum Pulse Width 'u0|pcie_cv_hip_avmm_0|c5_hip_ast|altpcie_av_hip_ast_hwtcl|altpcie_av_hip_128bit_atom|g_pcie_xcvr.av_xcvr_pipe_native_hip|inst_av_xcvr_native|inst_av_pcs|ch[1].inst_av_pcs_ch|inst_av_hssi_8g_tx_pcs|wys|txpmalocalclk'
Slack : 2.000
TNS   : 0.000

Type  : Fast 1100mV 0C Model Minimum Pulse Width 'u0|pcie_cv_hip_avmm_0|c5_hip_ast|altpcie_av_hip_ast_hwtcl|altpcie_av_hip_128bit_atom|g_pcie_xcvr.av_xcvr_pipe_native_hip|inst_av_xcvr_native|inst_av_pcs|ch[2].inst_av_pcs_ch|inst_av_hssi_8g_rx_pcs|wys|txpmaclk'
Slack : 2.000
TNS   : 0.000

Type  : Fast 1100mV 0C Model Minimum Pulse Width 'u0|pcie_cv_hip_avmm_0|c5_hip_ast|altpcie_av_hip_ast_hwtcl|altpcie_av_hip_128bit_atom|g_pcie_xcvr.av_xcvr_pipe_native_hip|inst_av_xcvr_native|inst_av_pcs|ch[2].inst_av_pcs_ch|inst_av_hssi_8g_tx_pcs|wys|txpmalocalclk'
Slack : 2.000
TNS   : 0.000

Type  : Fast 1100mV 0C Model Minimum Pulse Width 'u0|pcie_cv_hip_avmm_0|c5_hip_ast|altpcie_av_hip_ast_hwtcl|altpcie_av_hip_128bit_atom|g_pcie_xcvr.av_xcvr_pipe_native_hip|inst_av_xcvr_native|inst_av_pcs|ch[3].inst_av_pcs_ch|inst_av_hssi_8g_rx_pcs|wys|txpmaclk'
Slack : 2.000
TNS   : 0.000

Type  : Fast 1100mV 0C Model Minimum Pulse Width 'u0|pcie_cv_hip_avmm_0|c5_hip_ast|altpcie_av_hip_ast_hwtcl|altpcie_av_hip_128bit_atom|g_pcie_xcvr.av_xcvr_pipe_native_hip|inst_av_xcvr_native|inst_av_pcs|ch[3].inst_av_pcs_ch|inst_av_hssi_8g_tx_pcs|wys|txpmalocalclk'
Slack : 2.000
TNS   : 0.000

Type  : Fast 1100mV 0C Model Minimum Pulse Width 'u0|pcie_cv_hip_avmm_0|c5_hip_ast|altpcie_av_hip_ast_hwtcl|altpcie_av_hip_128bit_atom|g_pcie_xcvr.av_xcvr_pipe_native_hip|inst_av_xcvr_native|inst_av_pma|av_rx_pma|rx_pmas[0].rx_pma.rx_pma_deser|clk90b'
Slack : 2.000
TNS   : 0.000

Type  : Fast 1100mV 0C Model Minimum Pulse Width 'u0|pcie_cv_hip_avmm_0|c5_hip_ast|altpcie_av_hip_ast_hwtcl|altpcie_av_hip_128bit_atom|g_pcie_xcvr.av_xcvr_pipe_native_hip|inst_av_xcvr_native|inst_av_pma|av_rx_pma|rx_pmas[1].rx_pma.rx_pma_deser|clk90b'
Slack : 2.000
TNS   : 0.000

Type  : Fast 1100mV 0C Model Minimum Pulse Width 'u0|pcie_cv_hip_avmm_0|c5_hip_ast|altpcie_av_hip_ast_hwtcl|altpcie_av_hip_128bit_atom|g_pcie_xcvr.av_xcvr_pipe_native_hip|inst_av_xcvr_native|inst_av_pma|av_rx_pma|rx_pmas[2].rx_pma.rx_pma_deser|clk90b'
Slack : 2.000
TNS   : 0.000

Type  : Fast 1100mV 0C Model Minimum Pulse Width 'u0|pcie_cv_hip_avmm_0|c5_hip_ast|altpcie_av_hip_ast_hwtcl|altpcie_av_hip_128bit_atom|g_pcie_xcvr.av_xcvr_pipe_native_hip|inst_av_xcvr_native|inst_av_pma|av_rx_pma|rx_pmas[3].rx_pma.rx_pma_deser|clk90b'
Slack : 2.000
TNS   : 0.000

Type  : Fast 1100mV 0C Model Minimum Pulse Width 'u0|pcie_cv_hip_avmm_0|c5_hip_ast|altpcie_av_hip_ast_hwtcl|altpcie_av_hip_128bit_atom|g_pcie_xcvr.av_xcvr_pipe_native_hip|inst_av_xcvr_native|inst_av_pma|av_tx_pma|tx_pma_insts[1].av_tx_pma_ch_inst|tx_pma_ch.tx_cgb|cpulseout'
Slack : 2.000
TNS   : 0.000

Type  : Fast 1100mV 0C Model Minimum Pulse Width 'u0|pcie_cv_hip_avmm_0|c5_hip_ast|altpcie_av_hip_ast_hwtcl|altpcie_av_hip_128bit_atom|g_pcie_xcvr.av_xcvr_pipe_native_hip|inst_av_xcvr_native|inst_av_pma|av_tx_pma|tx_pma_insts[1].av_tx_pma_ch_inst|tx_pma_ch.tx_cgb|lfclkpout'
Slack : 2.000
TNS   : 0.000

Type  : Fast 1100mV 0C Model Minimum Pulse Width 'u0|pcie_cv_hip_avmm_0|c5_hip_ast|altpcie_av_hip_ast_hwtcl|altpcie_av_hip_128bit_atom|g_cavhip.arriav_hd_altpe2_hip_top|coreclkout'
Slack : 2.877
TNS   : 0.000

Type  : Fast 1100mV 0C Model Minimum Pulse Width 'u0|pcie_cv_hip_avmm_0|c5_hip_ast|altpcie_av_hip_ast_hwtcl|altpcie_av_hip_128bit_atom|g_pcie_xcvr.av_xcvr_pipe_native_hip|inst_av_xcvr_native|inst_av_pma|av_tx_pma|tx_pma_insts[1].av_tx_pma_ch_inst|tx_pma_ch.tx_cgb|pclkout'
Slack : 4.000
TNS   : 0.000

Type  : Fast 1100mV 0C Model Minimum Pulse Width 'alt_cal_av_edge_detect_clk'
Slack : 4.639
TNS   : 0.000

Type  : Fast 1100mV 0C Model Minimum Pulse Width 'PCIE_REFCLK_p'
Slack : 5.000
TNS   : 0.000

Type  : Fast 1100mV 0C Model Minimum Pulse Width 'u0|pcie_cv_hip_avmm_0|c5_hip_ast|altpcie_av_hip_ast_hwtcl|altpcie_av_hip_128bit_atom|g_pcie_xcvr.av_xcvr_pipe_native_hip|av_xcvr_tx_pll_inst|pll[0].pll.cmu_pll.pll_mux.pll_refclk_select_mux|clkout'
Slack : 5.000
TNS   : 0.000

Type  : Fast 1100mV 0C Model Minimum Pulse Width 'CLOCK_50_B3B'
Slack : 8.799
TNS   : 0.000

Type  : Fast 1100mV 0C Model Minimum Pulse Width 'sv_reconfig_pma_testbus_clk_0'
Slack : 9.050
TNS   : 0.000

Type  : Fast 1100mV 0C Model Minimum Pulse Width 'altera_reserved_tck'
Slack : 14.862
TNS   : 0.000

------------------------------------------------------------
