------------------------------------------------------------
Timing Analyzer Summary
------------------------------------------------------------

Type  : Slow 1100mV 85C Model Setup 'CLOCK_50_B3B'
Slack : -2.307
TNS   : -107.605

Type  : Slow 1100mV 85C Model Setup 'u0|pcie_cv_hip_avmm_0|c5_hip_ast|altpcie_av_hip_ast_hwtcl|altpcie_av_hip_128bit_atom|g_cavhip.arriav_hd_altpe2_hip_top|coreclkout'
Slack : -0.879
TNS   : -37.340

Type  : Slow 1100mV 85C Model Setup 'altera_reserved_tck'
Slack : 8.678
TNS   : 0.000

Type  : Slow 1100mV 85C Model Setup 'n/a'
Slack : 9.750
TNS   : 0.000

Type  : Slow 1100mV 85C Model Hold 'altera_reserved_tck'
Slack : 0.189
TNS   : 0.000

Type  : Slow 1100mV 85C Model Hold 'u0|pcie_cv_hip_avmm_0|c5_hip_ast|altpcie_av_hip_ast_hwtcl|altpcie_av_hip_128bit_atom|g_cavhip.arriav_hd_altpe2_hip_top|coreclkout'
Slack : 0.231
TNS   : 0.000

Type  : Slow 1100mV 85C Model Hold 'CLOCK_50_B3B'
Slack : 0.270
TNS   : 0.000

Type  : Slow 1100mV 85C Model Hold 'n/a'
Slack : 15.983
TNS   : 0.000

Type  : Slow 1100mV 85C Model Recovery 'CLOCK_50_B3B'
Slack : -0.375
TNS   : -0.375

Type  : Slow 1100mV 85C Model Recovery 'u0|pcie_cv_hip_avmm_0|c5_hip_ast|altpcie_av_hip_ast_hwtcl|altpcie_av_hip_128bit_atom|g_cavhip.arriav_hd_altpe2_hip_top|coreclkout'
Slack : -0.326
TNS   : -8.831

Type  : Slow 1100mV 85C Model Recovery 'altera_reserved_tck'
Slack : 28.728
TNS   : 0.000

Type  : Slow 1100mV 85C Model Removal 'u0|pcie_cv_hip_avmm_0|c5_hip_ast|altpcie_av_hip_ast_hwtcl|altpcie_av_hip_128bit_atom|g_cavhip.arriav_hd_altpe2_hip_top|coreclkout'
Slack : 0.395
TNS   : 0.000

Type  : Slow 1100mV 85C Model Removal 'CLOCK_50_B3B'
Slack : 0.685
TNS   : 0.000

Type  : Slow 1100mV 85C Model Removal 'altera_reserved_tck'
Slack : 1.007
TNS   : 0.000

Type  : Slow 1100mV 85C Model Minimum Pulse Width 'u0|pcie_cv_hip_avmm_0|c5_hip_ast|altpcie_av_hip_ast_hwtcl|altpcie_av_hip_128bit_atom|g_pcie_xcvr.av_xcvr_pipe_native_hip|av_xcvr_tx_pll_inst|pll[0].pll.cmu_pll.tx_pll|clkcdr'
Slack : 0.400
TNS   : 0.000

Type  : Slow 1100mV 85C Model Minimum Pulse Width 'u0|pcie_cv_hip_avmm_0|c5_hip_ast|altpcie_av_hip_ast_hwtcl|altpcie_av_hip_128bit_atom|g_pcie_xcvr.av_xcvr_pipe_native_hip|inst_av_xcvr_native|inst_av_pma|av_rx_pma|rx_pmas[0].rx_pma.rx_cdr|clk90bdes'
Slack : 0.400
TNS   : 0.000

Type  : Slow 1100mV 85C Model Minimum Pulse Width 'u0|pcie_cv_hip_avmm_0|c5_hip_ast|altpcie_av_hip_ast_hwtcl|altpcie_av_hip_128bit_atom|g_pcie_xcvr.av_xcvr_pipe_native_hip|inst_av_xcvr_native|inst_av_pma|av_rx_pma|rx_pmas[1].rx_pma.rx_cdr|clk90bdes'
Slack : 0.400
TNS   : 0.000

Type  : Slow 1100mV 85C Model Minimum Pulse Width 'u0|pcie_cv_hip_avmm_0|c5_hip_ast|altpcie_av_hip_ast_hwtcl|altpcie_av_hip_128bit_atom|g_pcie_xcvr.av_xcvr_pipe_native_hip|inst_av_xcvr_native|inst_av_pma|av_rx_pma|rx_pmas[2].rx_pma.rx_cdr|clk90bdes'
Slack : 0.400
TNS   : 0.000

Type  : Slow 1100mV 85C Model Minimum Pulse Width 'u0|pcie_cv_hip_avmm_0|c5_hip_ast|altpcie_av_hip_ast_hwtcl|altpcie_av_hip_128bit_atom|g_pcie_xcvr.av_xcvr_pipe_native_hip|inst_av_xcvr_native|inst_av_pma|av_rx_pma|rx_pmas[3].rx_pma.rx_cdr|clk90bdes'
Slack : 0.400
TNS   : 0.000

Type  : Slow 1100mV 85C Model Minimum Pulse Width 'u0|pcie_cv_hip_avmm_0|c5_hip_ast|altpcie_av_hip_ast_hwtcl|altpcie_av_hip_128bit_atom|g_pcie_xcvr.av_xcvr_pipe_native_hip|inst_av_xcvr_native|inst_av_pma|av_tx_pma|tx_pma_insts[0].av_tx_pma_ch_inst|tx_pma_ch.tx_cgb|lfclkp'
Slack : 1.998
TNS   : 0.000

Type  : Slow 1100mV 85C Model Minimum Pulse Width 'u0|pcie_cv_hip_avmm_0|c5_hip_ast|altpcie_av_hip_ast_hwtcl|altpcie_av_hip_128bit_atom|g_pcie_xcvr.av_xcvr_pipe_native_hip|inst_av_xcvr_native|inst_av_pma|av_tx_pma|tx_pma_insts[1].av_tx_pma_ch_inst|tx_pma_ch.tx_cgb|lfclkp'
Slack : 1.998
TNS   : 0.000

Type  : Slow 1100mV 85C Model Minimum Pulse Width 'u0|pcie_cv_hip_avmm_0|c5_hip_ast|altpcie_av_hip_ast_hwtcl|altpcie_av_hip_128bit_atom|g_pcie_xcvr.av_xcvr_pipe_native_hip|inst_av_xcvr_native|inst_av_pma|av_tx_pma|tx_pma_insts[2].av_tx_pma_ch_inst|tx_pma_ch.tx_cgb|lfclkp'
Slack : 1.998
TNS   : 0.000

Type  : Slow 1100mV 85C Model Minimum Pulse Width 'u0|pcie_cv_hip_avmm_0|c5_hip_ast|altpcie_av_hip_ast_hwtcl|altpcie_av_hip_128bit_atom|g_pcie_xcvr.av_xcvr_pipe_native_hip|inst_av_xcvr_native|inst_av_pma|av_tx_pma|tx_pma_insts[3].av_tx_pma_ch_inst|tx_pma_ch.tx_cgb|lfclkp'
Slack : 1.998
TNS   : 0.000

Type  : Slow 1100mV 85C Model Minimum Pulse Width 'u0|pcie_cv_hip_avmm_0|c5_hip_ast|altpcie_av_hip_ast_hwtcl|altpcie_av_hip_128bit_atom|g_pcie_xcvr.av_xcvr_pipe_native_hip|inst_av_xcvr_native|inst_av_pcs|ch[0].inst_av_pcs_ch|inst_av_hssi_8g_rx_pcs|wys|txpmaclk'
Slack : 2.000
TNS   : 0.000

Type  : Slow 1100mV 85C Model Minimum Pulse Width 'u0|pcie_cv_hip_avmm_0|c5_hip_ast|altpcie_av_hip_ast_hwtcl|altpcie_av_hip_128bit_atom|g_pcie_xcvr.av_xcvr_pipe_native_hip|inst_av_xcvr_native|inst_av_pcs|ch[0].inst_av_pcs_ch|inst_av_hssi_8g_tx_pcs|wys|txpmalocalclk'
Slack : 2.000
TNS   : 0.000

Type  : Slow 1100mV 85C Model Minimum Pulse Width 'u0|pcie_cv_hip_avmm_0|c5_hip_ast|altpcie_av_hip_ast_hwtcl|altpcie_av_hip_128bit_atom|g_pcie_xcvr.av_xcvr_pipe_native_hip|inst_av_xcvr_native|inst_av_pcs|ch[1].inst_av_pcs_ch|inst_av_hssi_8g_rx_pcs|wys|txpmaclk'
Slack : 2.000
TNS   : 0.000

Type  : Slow 1100mV 85C Model Minimum Pulse Width 'u0|pcie_cv_hip_avmm_0|c5_hip_ast|altpcie_av_hip_ast_hwtcl|altpcie_av_hip_128bit_atom|g_pcie_xcvr.av_xcvr_pipe_native_hip|inst_av_xcvr_native|inst_av_pcs|ch[1].inst_av_pcs_ch|inst_av_hssi_8g_tx_pcs|wys|txpmalocalclk'
Slack : 2.000
TNS   : 0.000

Type  : Slow 1100mV 85C Model Minimum Pulse Width 'u0|pcie_cv_hip_avmm_0|c5_hip_ast|altpcie_av_hip_ast_hwtcl|altpcie_av_hip_128bit_atom|g_pcie_xcvr.av_xcvr_pipe_native_hip|inst_av_xcvr_native|inst_av_pcs|ch[2].inst_av_pcs_ch|inst_av_hssi_8g_rx_pcs|wys|txpmaclk'
Slack : 2.000
TNS   : 0.000

Type  : Slow 1100mV 85C Model Minimum Pulse Width 'u0|pcie_cv_hip_avmm_0|c5_hip_ast|altpcie_av_hip_ast_hwtcl|altpcie_av_hip_128bit_atom|g_pcie_xcvr.av_xcvr_pipe_native_hip|inst_av_xcvr_native|inst_av_pcs|ch[2].inst_av_pcs_ch|inst_av_hssi_8g_tx_pcs|wys|txpmalocalclk'
Slack : 2.000
TNS   : 0.000

Type  : Slow 1100mV 85C Model Minimum Pulse Width 'u0|pcie_cv_hip_avmm_0|c5_hip_ast|altpcie_av_hip_ast_hwtcl|altpcie_av_hip_128bit_atom|g_pcie_xcvr.av_xcvr_pipe_native_hip|inst_av_xcvr_native|inst_av_pcs|ch[3].inst_av_pcs_ch|inst_av_hssi_8g_rx_pcs|wys|txpmaclk'
Slack : 2.000
TNS   : 0.000

Type  : Slow 1100mV 85C Model Minimum Pulse Width 'u0|pcie_cv_hip_avmm_0|c5_hip_ast|altpcie_av_hip_ast_hwtcl|altpcie_av_hip_128bit_atom|g_pcie_xcvr.av_xcvr_pipe_native_hip|inst_av_xcvr_native|inst_av_pcs|ch[3].inst_av_pcs_ch|inst_av_hssi_8g_tx_pcs|wys|txpmalocalclk'
Slack : 2.000
TNS   : 0.000

Type  : Slow 1100mV 85C Model Minimum Pulse Width 'u0|pcie_cv_hip_avmm_0|c5_hip_ast|altpcie_av_hip_ast_hwtcl|altpcie_av_hip_128bit_atom|g_pcie_xcvr.av_xcvr_pipe_native_hip|inst_av_xcvr_native|inst_av_pma|av_rx_pma|rx_pmas[0].rx_pma.rx_pma_deser|clk90b'
Slack : 2.000
TNS   : 0.000

Type  : Slow 1100mV 85C Model Minimum Pulse Width 'u0|pcie_cv_hip_avmm_0|c5_hip_ast|altpcie_av_hip_ast_hwtcl|altpcie_av_hip_128bit_atom|g_pcie_xcvr.av_xcvr_pipe_native_hip|inst_av_xcvr_native|inst_av_pma|av_rx_pma|rx_pmas[1].rx_pma.rx_pma_deser|clk90b'
Slack : 2.000
TNS   : 0.000

Type  : Slow 1100mV 85C Model Minimum Pulse Width 'u0|pcie_cv_hip_avmm_0|c5_hip_ast|altpcie_av_hip_ast_hwtcl|altpcie_av_hip_128bit_atom|g_pcie_xcvr.av_xcvr_pipe_native_hip|inst_av_xcvr_native|inst_av_pma|av_rx_pma|rx_pmas[2].rx_pma.rx_pma_deser|clk90b'
Slack : 2.000
TNS   : 0.000

Type  : Slow 1100mV 85C Model Minimum Pulse Width 'u0|pcie_cv_hip_avmm_0|c5_hip_ast|altpcie_av_hip_ast_hwtcl|altpcie_av_hip_128bit_atom|g_pcie_xcvr.av_xcvr_pipe_native_hip|inst_av_xcvr_native|inst_av_pma|av_rx_pma|rx_pmas[3].rx_pma.rx_pma_deser|clk90b'
Slack : 2.000
TNS   : 0.000

Type  : Slow 1100mV 85C Model Minimum Pulse Width 'u0|pcie_cv_hip_avmm_0|c5_hip_ast|altpcie_av_hip_ast_hwtcl|altpcie_av_hip_128bit_atom|g_pcie_xcvr.av_xcvr_pipe_native_hip|inst_av_xcvr_native|inst_av_pma|av_tx_pma|tx_pma_insts[1].av_tx_pma_ch_inst|tx_pma_ch.tx_cgb|cpulseout'
Slack : 2.000
TNS   : 0.000

Type  : Slow 1100mV 85C Model Minimum Pulse Width 'u0|pcie_cv_hip_avmm_0|c5_hip_ast|altpcie_av_hip_ast_hwtcl|altpcie_av_hip_128bit_atom|g_pcie_xcvr.av_xcvr_pipe_native_hip|inst_av_xcvr_native|inst_av_pma|av_tx_pma|tx_pma_insts[1].av_tx_pma_ch_inst|tx_pma_ch.tx_cgb|lfclkpout'
Slack : 2.000
TNS   : 0.000

Type  : Slow 1100mV 85C Model Minimum Pulse Width 'u0|pcie_cv_hip_avmm_0|c5_hip_ast|altpcie_av_hip_ast_hwtcl|altpcie_av_hip_128bit_atom|g_cavhip.arriav_hd_altpe2_hip_top|coreclkout'
Slack : 2.786
TNS   : 0.000

Type  : Slow 1100mV 85C Model Minimum Pulse Width 'u0|pcie_cv_hip_avmm_0|c5_hip_ast|altpcie_av_hip_ast_hwtcl|altpcie_av_hip_128bit_atom|g_pcie_xcvr.av_xcvr_pipe_native_hip|inst_av_xcvr_native|inst_av_pma|av_tx_pma|tx_pma_insts[1].av_tx_pma_ch_inst|tx_pma_ch.tx_cgb|pclkout'
Slack : 4.000
TNS   : 0.000

Type  : Slow 1100mV 85C Model Minimum Pulse Width 'alt_cal_av_edge_detect_clk'
Slack : 4.339
TNS   : 0.000

Type  : Slow 1100mV 85C Model Minimum Pulse Width 'PCIE_REFCLK_p'
Slack : 5.000
TNS   : 0.000

Type  : Slow 1100mV 85C Model Minimum Pulse Width 'u0|pcie_cv_hip_avmm_0|c5_hip_ast|altpcie_av_hip_ast_hwtcl|altpcie_av_hip_128bit_atom|g_pcie_xcvr.av_xcvr_pipe_native_hip|av_xcvr_tx_pll_inst|pll[0].pll.cmu_pll.pll_mux.pll_refclk_select_mux|clkout'
Slack : 5.000
TNS   : 0.000

Type  : Slow 1100mV 85C Model Minimum Pulse Width 'sv_reconfig_pma_testbus_clk_0'
Slack : 8.315
TNS   : 0.000

Type  : Slow 1100mV 85C Model Minimum Pulse Width 'CLOCK_50_B3B'
Slack : 8.436
TNS   : 0.000

Type  : Slow 1100mV 85C Model Minimum Pulse Width 'altera_reserved_tck'
Slack : 14.841
TNS   : 0.000

Type  : Slow 1100mV 0C Model Setup 'CLOCK_50_B3B'
Slack : -2.184
TNS   : -85.375

Type  : Slow 1100mV 0C Model Setup 'u0|pcie_cv_hip_avmm_0|c5_hip_ast|altpcie_av_hip_ast_hwtcl|altpcie_av_hip_128bit_atom|g_cavhip.arriav_hd_altpe2_hip_top|coreclkout'
Slack : -0.906
TNS   : -41.372

Type  : Slow 1100mV 0C Model Setup 'altera_reserved_tck'
Slack : 8.874
TNS   : 0.000

Type  : Slow 1100mV 0C Model Setup 'n/a'
Slack : 9.856
TNS   : 0.000

Type  : Slow 1100mV 0C Model Hold 'altera_reserved_tck'
Slack : 0.174
TNS   : 0.000

Type  : Slow 1100mV 0C Model Hold 'u0|pcie_cv_hip_avmm_0|c5_hip_ast|altpcie_av_hip_ast_hwtcl|altpcie_av_hip_128bit_atom|g_cavhip.arriav_hd_altpe2_hip_top|coreclkout'
Slack : 0.221
TNS   : 0.000

Type  : Slow 1100mV 0C Model Hold 'CLOCK_50_B3B'
Slack : 0.260
TNS   : 0.000

Type  : Slow 1100mV 0C Model Hold 'n/a'
Slack : 16.027
TNS   : 0.000

Type  : Slow 1100mV 0C Model Recovery 'u0|pcie_cv_hip_avmm_0|c5_hip_ast|altpcie_av_hip_ast_hwtcl|altpcie_av_hip_128bit_atom|g_cavhip.arriav_hd_altpe2_hip_top|coreclkout'
Slack : -0.367
TNS   : -10.813

Type  : Slow 1100mV 0C Model Recovery 'CLOCK_50_B3B'
Slack : -0.007
TNS   : -0.007

Type  : Slow 1100mV 0C Model Recovery 'altera_reserved_tck'
Slack : 28.882
TNS   : 0.000

Type  : Slow 1100mV 0C Model Removal 'u0|pcie_cv_hip_avmm_0|c5_hip_ast|altpcie_av_hip_ast_hwtcl|altpcie_av_hip_128bit_atom|g_cavhip.arriav_hd_altpe2_hip_top|coreclkout'
Slack : 0.437
TNS   : 0.000

Type  : Slow 1100mV 0C Model Removal 'CLOCK_50_B3B'
Slack : 0.633
TNS   : 0.000

Type  : Slow 1100mV 0C Model Removal 'altera_reserved_tck'
Slack : 0.953
TNS   : 0.000

Type  : Slow 1100mV 0C Model Minimum Pulse Width 'u0|pcie_cv_hip_avmm_0|c5_hip_ast|altpcie_av_hip_ast_hwtcl|altpcie_av_hip_128bit_atom|g_pcie_xcvr.av_xcvr_pipe_native_hip|av_xcvr_tx_pll_inst|pll[0].pll.cmu_pll.tx_pll|clkcdr'
Slack : 0.400
TNS   : 0.000

Type  : Slow 1100mV 0C Model Minimum Pulse Width 'u0|pcie_cv_hip_avmm_0|c5_hip_ast|altpcie_av_hip_ast_hwtcl|altpcie_av_hip_128bit_atom|g_pcie_xcvr.av_xcvr_pipe_native_hip|inst_av_xcvr_native|inst_av_pma|av_rx_pma|rx_pmas[0].rx_pma.rx_cdr|clk90bdes'
Slack : 0.400
TNS   : 0.000

Type  : Slow 1100mV 0C Model Minimum Pulse Width 'u0|pcie_cv_hip_avmm_0|c5_hip_ast|altpcie_av_hip_ast_hwtcl|altpcie_av_hip_128bit_atom|g_pcie_xcvr.av_xcvr_pipe_native_hip|inst_av_xcvr_native|inst_av_pma|av_rx_pma|rx_pmas[1].rx_pma.rx_cdr|clk90bdes'
Slack : 0.400
TNS   : 0.000

Type  : Slow 1100mV 0C Model Minimum Pulse Width 'u0|pcie_cv_hip_avmm_0|c5_hip_ast|altpcie_av_hip_ast_hwtcl|altpcie_av_hip_128bit_atom|g_pcie_xcvr.av_xcvr_pipe_native_hip|inst_av_xcvr_native|inst_av_pma|av_rx_pma|rx_pmas[2].rx_pma.rx_cdr|clk90bdes'
Slack : 0.400
TNS   : 0.000

Type  : Slow 1100mV 0C Model Minimum Pulse Width 'u0|pcie_cv_hip_avmm_0|c5_hip_ast|altpcie_av_hip_ast_hwtcl|altpcie_av_hip_128bit_atom|g_pcie_xcvr.av_xcvr_pipe_native_hip|inst_av_xcvr_native|inst_av_pma|av_rx_pma|rx_pmas[3].rx_pma.rx_cdr|clk90bdes'
Slack : 0.400
TNS   : 0.000

Type  : Slow 1100mV 0C Model Minimum Pulse Width 'u0|pcie_cv_hip_avmm_0|c5_hip_ast|altpcie_av_hip_ast_hwtcl|altpcie_av_hip_128bit_atom|g_pcie_xcvr.av_xcvr_pipe_native_hip|inst_av_xcvr_native|inst_av_pma|av_tx_pma|tx_pma_insts[0].av_tx_pma_ch_inst|tx_pma_ch.tx_cgb|lfclkp'
Slack : 1.999
TNS   : 0.000

Type  : Slow 1100mV 0C Model Minimum Pulse Width 'u0|pcie_cv_hip_avmm_0|c5_hip_ast|altpcie_av_hip_ast_hwtcl|altpcie_av_hip_128bit_atom|g_pcie_xcvr.av_xcvr_pipe_native_hip|inst_av_xcvr_native|inst_av_pma|av_tx_pma|tx_pma_insts[1].av_tx_pma_ch_inst|tx_pma_ch.tx_cgb|lfclkp'
Slack : 1.999
TNS   : 0.000

Type  : Slow 1100mV 0C Model Minimum Pulse Width 'u0|pcie_cv_hip_avmm_0|c5_hip_ast|altpcie_av_hip_ast_hwtcl|altpcie_av_hip_128bit_atom|g_pcie_xcvr.av_xcvr_pipe_native_hip|inst_av_xcvr_native|inst_av_pma|av_tx_pma|tx_pma_insts[2].av_tx_pma_ch_inst|tx_pma_ch.tx_cgb|lfclkp'
Slack : 1.999
TNS   : 0.000

Type  : Slow 1100mV 0C Model Minimum Pulse Width 'u0|pcie_cv_hip_avmm_0|c5_hip_ast|altpcie_av_hip_ast_hwtcl|altpcie_av_hip_128bit_atom|g_pcie_xcvr.av_xcvr_pipe_native_hip|inst_av_xcvr_native|inst_av_pma|av_tx_pma|tx_pma_insts[3].av_tx_pma_ch_inst|tx_pma_ch.tx_cgb|lfclkp'
Slack : 1.999
TNS   : 0.000

Type  : Slow 1100mV 0C Model Minimum Pulse Width 'u0|pcie_cv_hip_avmm_0|c5_hip_ast|altpcie_av_hip_ast_hwtcl|altpcie_av_hip_128bit_atom|g_pcie_xcvr.av_xcvr_pipe_native_hip|inst_av_xcvr_native|inst_av_pcs|ch[0].inst_av_pcs_ch|inst_av_hssi_8g_rx_pcs|wys|txpmaclk'
Slack : 2.000
TNS   : 0.000

Type  : Slow 1100mV 0C Model Minimum Pulse Width 'u0|pcie_cv_hip_avmm_0|c5_hip_ast|altpcie_av_hip_ast_hwtcl|altpcie_av_hip_128bit_atom|g_pcie_xcvr.av_xcvr_pipe_native_hip|inst_av_xcvr_native|inst_av_pcs|ch[0].inst_av_pcs_ch|inst_av_hssi_8g_tx_pcs|wys|txpmalocalclk'
Slack : 2.000
TNS   : 0.000

Type  : Slow 1100mV 0C Model Minimum Pulse Width 'u0|pcie_cv_hip_avmm_0|c5_hip_ast|altpcie_av_hip_ast_hwtcl|altpcie_av_hip_128bit_atom|g_pcie_xcvr.av_xcvr_pipe_native_hip|inst_av_xcvr_native|inst_av_pcs|ch[1].inst_av_pcs_ch|inst_av_hssi_8g_rx_pcs|wys|txpmaclk'
Slack : 2.000
TNS   : 0.000

Type  : Slow 1100mV 0C Model Minimum Pulse Width 'u0|pcie_cv_hip_avmm_0|c5_hip_ast|altpcie_av_hip_ast_hwtcl|altpcie_av_hip_128bit_atom|g_pcie_xcvr.av_xcvr_pipe_native_hip|inst_av_xcvr_native|inst_av_pcs|ch[1].inst_av_pcs_ch|inst_av_hssi_8g_tx_pcs|wys|txpmalocalclk'
Slack : 2.000
TNS   : 0.000

Type  : Slow 1100mV 0C Model Minimum Pulse Width 'u0|pcie_cv_hip_avmm_0|c5_hip_ast|altpcie_av_hip_ast_hwtcl|altpcie_av_hip_128bit_atom|g_pcie_xcvr.av_xcvr_pipe_native_hip|inst_av_xcvr_native|inst_av_pcs|ch[2].inst_av_pcs_ch|inst_av_hssi_8g_rx_pcs|wys|txpmaclk'
Slack : 2.000
TNS   : 0.000

Type  : Slow 1100mV 0C Model Minimum Pulse Width 'u0|pcie_cv_hip_avmm_0|c5_hip_ast|altpcie_av_hip_ast_hwtcl|altpcie_av_hip_128bit_atom|g_pcie_xcvr.av_xcvr_pipe_native_hip|inst_av_xcvr_native|inst_av_pcs|ch[2].inst_av_pcs_ch|inst_av_hssi_8g_tx_pcs|wys|txpmalocalclk'
Slack : 2.000
TNS   : 0.000

Type  : Slow 1100mV 0C Model Minimum Pulse Width 'u0|pcie_cv_hip_avmm_0|c5_hip_ast|altpcie_av_hip_ast_hwtcl|altpcie_av_hip_128bit_atom|g_pcie_xcvr.av_xcvr_pipe_native_hip|inst_av_xcvr_native|inst_av_pcs|ch[3].inst_av_pcs_ch|inst_av_hssi_8g_rx_pcs|wys|txpmaclk'
Slack : 2.000
TNS   : 0.000

Type  : Slow 1100mV 0C Model Minimum Pulse Width 'u0|pcie_cv_hip_avmm_0|c5_hip_ast|altpcie_av_hip_ast_hwtcl|altpcie_av_hip_128bit_atom|g_pcie_xcvr.av_xcvr_pipe_native_hip|inst_av_xcvr_native|inst_av_pcs|ch[3].inst_av_pcs_ch|inst_av_hssi_8g_tx_pcs|wys|txpmalocalclk'
Slack : 2.000
TNS   : 0.000

Type  : Slow 1100mV 0C Model Minimum Pulse Width 'u0|pcie_cv_hip_avmm_0|c5_hip_ast|altpcie_av_hip_ast_hwtcl|altpcie_av_hip_128bit_atom|g_pcie_xcvr.av_xcvr_pipe_native_hip|inst_av_xcvr_native|inst_av_pma|av_rx_pma|rx_pmas[0].rx_pma.rx_pma_deser|clk90b'
Slack : 2.000
TNS   : 0.000

Type  : Slow 1100mV 0C Model Minimum Pulse Width 'u0|pcie_cv_hip_avmm_0|c5_hip_ast|altpcie_av_hip_ast_hwtcl|altpcie_av_hip_128bit_atom|g_pcie_xcvr.av_xcvr_pipe_native_hip|inst_av_xcvr_native|inst_av_pma|av_rx_pma|rx_pmas[1].rx_pma.rx_pma_deser|clk90b'
Slack : 2.000
TNS   : 0.000

Type  : Slow 1100mV 0C Model Minimum Pulse Width 'u0|pcie_cv_hip_avmm_0|c5_hip_ast|altpcie_av_hip_ast_hwtcl|altpcie_av_hip_128bit_atom|g_pcie_xcvr.av_xcvr_pipe_native_hip|inst_av_xcvr_native|inst_av_pma|av_rx_pma|rx_pmas[2].rx_pma.rx_pma_deser|clk90b'
Slack : 2.000
TNS   : 0.000

Type  : Slow 1100mV 0C Model Minimum Pulse Width 'u0|pcie_cv_hip_avmm_0|c5_hip_ast|altpcie_av_hip_ast_hwtcl|altpcie_av_hip_128bit_atom|g_pcie_xcvr.av_xcvr_pipe_native_hip|inst_av_xcvr_native|inst_av_pma|av_rx_pma|rx_pmas[3].rx_pma.rx_pma_deser|clk90b'
Slack : 2.000
TNS   : 0.000

Type  : Slow 1100mV 0C Model Minimum Pulse Width 'u0|pcie_cv_hip_avmm_0|c5_hip_ast|altpcie_av_hip_ast_hwtcl|altpcie_av_hip_128bit_atom|g_pcie_xcvr.av_xcvr_pipe_native_hip|inst_av_xcvr_native|inst_av_pma|av_tx_pma|tx_pma_insts[1].av_tx_pma_ch_inst|tx_pma_ch.tx_cgb|cpulseout'
Slack : 2.000
TNS   : 0.000

Type  : Slow 1100mV 0C Model Minimum Pulse Width 'u0|pcie_cv_hip_avmm_0|c5_hip_ast|altpcie_av_hip_ast_hwtcl|altpcie_av_hip_128bit_atom|g_pcie_xcvr.av_xcvr_pipe_native_hip|inst_av_xcvr_native|inst_av_pma|av_tx_pma|tx_pma_insts[1].av_tx_pma_ch_inst|tx_pma_ch.tx_cgb|lfclkpout'
Slack : 2.000
TNS   : 0.000

Type  : Slow 1100mV 0C Model Minimum Pulse Width 'u0|pcie_cv_hip_avmm_0|c5_hip_ast|altpcie_av_hip_ast_hwtcl|altpcie_av_hip_128bit_atom|g_cavhip.arriav_hd_altpe2_hip_top|coreclkout'
Slack : 2.817
TNS   : 0.000

Type  : Slow 1100mV 0C Model Minimum Pulse Width 'u0|pcie_cv_hip_avmm_0|c5_hip_ast|altpcie_av_hip_ast_hwtcl|altpcie_av_hip_128bit_atom|g_pcie_xcvr.av_xcvr_pipe_native_hip|inst_av_xcvr_native|inst_av_pma|av_tx_pma|tx_pma_insts[1].av_tx_pma_ch_inst|tx_pma_ch.tx_cgb|pclkout'
Slack : 4.000
TNS   : 0.000

Type  : Slow 1100mV 0C Model Minimum Pulse Width 'alt_cal_av_edge_detect_clk'
Slack : 4.298
TNS   : 0.000

Type  : Slow 1100mV 0C Model Minimum Pulse Width 'PCIE_REFCLK_p'
Slack : 5.000
TNS   : 0.000

Type  : Slow 1100mV 0C Model Minimum Pulse Width 'u0|pcie_cv_hip_avmm_0|c5_hip_ast|altpcie_av_hip_ast_hwtcl|altpcie_av_hip_128bit_atom|g_pcie_xcvr.av_xcvr_pipe_native_hip|av_xcvr_tx_pll_inst|pll[0].pll.cmu_pll.pll_mux.pll_refclk_select_mux|clkout'
Slack : 5.000
TNS   : 0.000

Type  : Slow 1100mV 0C Model Minimum Pulse Width 'sv_reconfig_pma_testbus_clk_0'
Slack : 8.306
TNS   : 0.000

Type  : Slow 1100mV 0C Model Minimum Pulse Width 'CLOCK_50_B3B'
Slack : 8.398
TNS   : 0.000

Type  : Slow 1100mV 0C Model Minimum Pulse Width 'altera_reserved_tck'
Slack : 14.762
TNS   : 0.000

Type  : Fast 1100mV 85C Model Setup 'u0|pcie_cv_hip_avmm_0|c5_hip_ast|altpcie_av_hip_ast_hwtcl|altpcie_av_hip_128bit_atom|g_cavhip.arriav_hd_altpe2_hip_top|coreclkout'
Slack : 0.972
TNS   : 0.000

Type  : Fast 1100mV 85C Model Setup 'CLOCK_50_B3B'
Slack : 0.977
TNS   : 0.000

Type  : Fast 1100mV 85C Model Setup 'altera_reserved_tck'
Slack : 12.795
TNS   : 0.000

Type  : Fast 1100mV 85C Model Setup 'n/a'
Slack : 14.151
TNS   : 0.000

Type  : Fast 1100mV 85C Model Hold 'altera_reserved_tck'
Slack : 0.040
TNS   : 0.000

Type  : Fast 1100mV 85C Model Hold 'u0|pcie_cv_hip_avmm_0|c5_hip_ast|altpcie_av_hip_ast_hwtcl|altpcie_av_hip_128bit_atom|g_cavhip.arriav_hd_altpe2_hip_top|coreclkout'
Slack : 0.131
TNS   : 0.000

Type  : Fast 1100mV 85C Model Hold 'CLOCK_50_B3B'
Slack : 0.151
TNS   : 0.000

Type  : Fast 1100mV 85C Model Hold 'n/a'
Slack : 13.106
TNS   : 0.000

Type  : Fast 1100mV 85C Model Recovery 'u0|pcie_cv_hip_avmm_0|c5_hip_ast|altpcie_av_hip_ast_hwtcl|altpcie_av_hip_128bit_atom|g_cavhip.arriav_hd_altpe2_hip_top|coreclkout'
Slack : 1.444
TNS   : 0.000

Type  : Fast 1100mV 85C Model Recovery 'CLOCK_50_B3B'
Slack : 1.940
TNS   : 0.000

Type  : Fast 1100mV 85C Model Recovery 'altera_reserved_tck'
Slack : 30.455
TNS   : 0.000

Type  : Fast 1100mV 85C Model Removal 'u0|pcie_cv_hip_avmm_0|c5_hip_ast|altpcie_av_hip_ast_hwtcl|altpcie_av_hip_128bit_atom|g_cavhip.arriav_hd_altpe2_hip_top|coreclkout'
Slack : 0.293
TNS   : 0.000

Type  : Fast 1100mV 85C Model Removal 'CLOCK_50_B3B'
Slack : 0.297
TNS   : 0.000

Type  : Fast 1100mV 85C Model Removal 'altera_reserved_tck'
Slack : 0.406
TNS   : 0.000

Type  : Fast 1100mV 85C Model Minimum Pulse Width 'u0|pcie_cv_hip_avmm_0|c5_hip_ast|altpcie_av_hip_ast_hwtcl|altpcie_av_hip_128bit_atom|g_pcie_xcvr.av_xcvr_pipe_native_hip|av_xcvr_tx_pll_inst|pll[0].pll.cmu_pll.tx_pll|clkcdr'
Slack : 0.400
TNS   : 0.000

Type  : Fast 1100mV 85C Model Minimum Pulse Width 'u0|pcie_cv_hip_avmm_0|c5_hip_ast|altpcie_av_hip_ast_hwtcl|altpcie_av_hip_128bit_atom|g_pcie_xcvr.av_xcvr_pipe_native_hip|inst_av_xcvr_native|inst_av_pma|av_rx_pma|rx_pmas[0].rx_pma.rx_cdr|clk90bdes'
Slack : 0.400
TNS   : 0.000

Type  : Fast 1100mV 85C Model Minimum Pulse Width 'u0|pcie_cv_hip_avmm_0|c5_hip_ast|altpcie_av_hip_ast_hwtcl|altpcie_av_hip_128bit_atom|g_pcie_xcvr.av_xcvr_pipe_native_hip|inst_av_xcvr_native|inst_av_pma|av_rx_pma|rx_pmas[1].rx_pma.rx_cdr|clk90bdes'
Slack : 0.400
TNS   : 0.000

Type  : Fast 1100mV 85C Model Minimum Pulse Width 'u0|pcie_cv_hip_avmm_0|c5_hip_ast|altpcie_av_hip_ast_hwtcl|altpcie_av_hip_128bit_atom|g_pcie_xcvr.av_xcvr_pipe_native_hip|inst_av_xcvr_native|inst_av_pma|av_rx_pma|rx_pmas[2].rx_pma.rx_cdr|clk90bdes'
Slack : 0.400
TNS   : 0.000

Type  : Fast 1100mV 85C Model Minimum Pulse Width 'u0|pcie_cv_hip_avmm_0|c5_hip_ast|altpcie_av_hip_ast_hwtcl|altpcie_av_hip_128bit_atom|g_pcie_xcvr.av_xcvr_pipe_native_hip|inst_av_xcvr_native|inst_av_pma|av_rx_pma|rx_pmas[3].rx_pma.rx_cdr|clk90bdes'
Slack : 0.400
TNS   : 0.000

Type  : Fast 1100mV 85C Model Minimum Pulse Width 'u0|pcie_cv_hip_avmm_0|c5_hip_ast|altpcie_av_hip_ast_hwtcl|altpcie_av_hip_128bit_atom|g_pcie_xcvr.av_xcvr_pipe_native_hip|inst_av_xcvr_native|inst_av_pma|av_tx_pma|tx_pma_insts[0].av_tx_pma_ch_inst|tx_pma_ch.tx_cgb|lfclkp'
Slack : 1.996
TNS   : 0.000

Type  : Fast 1100mV 85C Model Minimum Pulse Width 'u0|pcie_cv_hip_avmm_0|c5_hip_ast|altpcie_av_hip_ast_hwtcl|altpcie_av_hip_128bit_atom|g_pcie_xcvr.av_xcvr_pipe_native_hip|inst_av_xcvr_native|inst_av_pma|av_tx_pma|tx_pma_insts[1].av_tx_pma_ch_inst|tx_pma_ch.tx_cgb|lfclkp'
Slack : 1.996
TNS   : 0.000

Type  : Fast 1100mV 85C Model Minimum Pulse Width 'u0|pcie_cv_hip_avmm_0|c5_hip_ast|altpcie_av_hip_ast_hwtcl|altpcie_av_hip_128bit_atom|g_pcie_xcvr.av_xcvr_pipe_native_hip|inst_av_xcvr_native|inst_av_pma|av_tx_pma|tx_pma_insts[2].av_tx_pma_ch_inst|tx_pma_ch.tx_cgb|lfclkp'
Slack : 1.996
TNS   : 0.000

Type  : Fast 1100mV 85C Model Minimum Pulse Width 'u0|pcie_cv_hip_avmm_0|c5_hip_ast|altpcie_av_hip_ast_hwtcl|altpcie_av_hip_128bit_atom|g_pcie_xcvr.av_xcvr_pipe_native_hip|inst_av_xcvr_native|inst_av_pma|av_tx_pma|tx_pma_insts[3].av_tx_pma_ch_inst|tx_pma_ch.tx_cgb|lfclkp'
Slack : 1.996
TNS   : 0.000

Type  : Fast 1100mV 85C Model Minimum Pulse Width 'u0|pcie_cv_hip_avmm_0|c5_hip_ast|altpcie_av_hip_ast_hwtcl|altpcie_av_hip_128bit_atom|g_pcie_xcvr.av_xcvr_pipe_native_hip|inst_av_xcvr_native|inst_av_pcs|ch[0].inst_av_pcs_ch|inst_av_hssi_8g_rx_pcs|wys|txpmaclk'
Slack : 2.000
TNS   : 0.000

Type  : Fast 1100mV 85C Model Minimum Pulse Width 'u0|pcie_cv_hip_avmm_0|c5_hip_ast|altpcie_av_hip_ast_hwtcl|altpcie_av_hip_128bit_atom|g_pcie_xcvr.av_xcvr_pipe_native_hip|inst_av_xcvr_native|inst_av_pcs|ch[0].inst_av_pcs_ch|inst_av_hssi_8g_tx_pcs|wys|txpmalocalclk'
Slack : 2.000
TNS   : 0.000

Type  : Fast 1100mV 85C Model Minimum Pulse Width 'u0|pcie_cv_hip_avmm_0|c5_hip_ast|altpcie_av_hip_ast_hwtcl|altpcie_av_hip_128bit_atom|g_pcie_xcvr.av_xcvr_pipe_native_hip|inst_av_xcvr_native|inst_av_pcs|ch[1].inst_av_pcs_ch|inst_av_hssi_8g_rx_pcs|wys|txpmaclk'
Slack : 2.000
TNS   : 0.000

Type  : Fast 1100mV 85C Model Minimum Pulse Width 'u0|pcie_cv_hip_avmm_0|c5_hip_ast|altpcie_av_hip_ast_hwtcl|altpcie_av_hip_128bit_atom|g_pcie_xcvr.av_xcvr_pipe_native_hip|inst_av_xcvr_native|inst_av_pcs|ch[1].inst_av_pcs_ch|inst_av_hssi_8g_tx_pcs|wys|txpmalocalclk'
Slack : 2.000
TNS   : 0.000

Type  : Fast 1100mV 85C Model Minimum Pulse Width 'u0|pcie_cv_hip_avmm_0|c5_hip_ast|altpcie_av_hip_ast_hwtcl|altpcie_av_hip_128bit_atom|g_pcie_xcvr.av_xcvr_pipe_native_hip|inst_av_xcvr_native|inst_av_pcs|ch[2].inst_av_pcs_ch|inst_av_hssi_8g_rx_pcs|wys|txpmaclk'
Slack : 2.000
TNS   : 0.000

Type  : Fast 1100mV 85C Model Minimum Pulse Width 'u0|pcie_cv_hip_avmm_0|c5_hip_ast|altpcie_av_hip_ast_hwtcl|altpcie_av_hip_128bit_atom|g_pcie_xcvr.av_xcvr_pipe_native_hip|inst_av_xcvr_native|inst_av_pcs|ch[2].inst_av_pcs_ch|inst_av_hssi_8g_tx_pcs|wys|txpmalocalclk'
Slack : 2.000
TNS   : 0.000

Type  : Fast 1100mV 85C Model Minimum Pulse Width 'u0|pcie_cv_hip_avmm_0|c5_hip_ast|altpcie_av_hip_ast_hwtcl|altpcie_av_hip_128bit_atom|g_pcie_xcvr.av_xcvr_pipe_native_hip|inst_av_xcvr_native|inst_av_pcs|ch[3].inst_av_pcs_ch|inst_av_hssi_8g_rx_pcs|wys|txpmaclk'
Slack : 2.000
TNS   : 0.000

Type  : Fast 1100mV 85C Model Minimum Pulse Width 'u0|pcie_cv_hip_avmm_0|c5_hip_ast|altpcie_av_hip_ast_hwtcl|altpcie_av_hip_128bit_atom|g_pcie_xcvr.av_xcvr_pipe_native_hip|inst_av_xcvr_native|inst_av_pcs|ch[3].inst_av_pcs_ch|inst_av_hssi_8g_tx_pcs|wys|txpmalocalclk'
Slack : 2.000
TNS   : 0.000

Type  : Fast 1100mV 85C Model Minimum Pulse Width 'u0|pcie_cv_hip_avmm_0|c5_hip_ast|altpcie_av_hip_ast_hwtcl|altpcie_av_hip_128bit_atom|g_pcie_xcvr.av_xcvr_pipe_native_hip|inst_av_xcvr_native|inst_av_pma|av_rx_pma|rx_pmas[0].rx_pma.rx_pma_deser|clk90b'
Slack : 2.000
TNS   : 0.000

Type  : Fast 1100mV 85C Model Minimum Pulse Width 'u0|pcie_cv_hip_avmm_0|c5_hip_ast|altpcie_av_hip_ast_hwtcl|altpcie_av_hip_128bit_atom|g_pcie_xcvr.av_xcvr_pipe_native_hip|inst_av_xcvr_native|inst_av_pma|av_rx_pma|rx_pmas[1].rx_pma.rx_pma_deser|clk90b'
Slack : 2.000
TNS   : 0.000

Type  : Fast 1100mV 85C Model Minimum Pulse Width 'u0|pcie_cv_hip_avmm_0|c5_hip_ast|altpcie_av_hip_ast_hwtcl|altpcie_av_hip_128bit_atom|g_pcie_xcvr.av_xcvr_pipe_native_hip|inst_av_xcvr_native|inst_av_pma|av_rx_pma|rx_pmas[2].rx_pma.rx_pma_deser|clk90b'
Slack : 2.000
TNS   : 0.000

Type  : Fast 1100mV 85C Model Minimum Pulse Width 'u0|pcie_cv_hip_avmm_0|c5_hip_ast|altpcie_av_hip_ast_hwtcl|altpcie_av_hip_128bit_atom|g_pcie_xcvr.av_xcvr_pipe_native_hip|inst_av_xcvr_native|inst_av_pma|av_rx_pma|rx_pmas[3].rx_pma.rx_pma_deser|clk90b'
Slack : 2.000
TNS   : 0.000

Type  : Fast 1100mV 85C Model Minimum Pulse Width 'u0|pcie_cv_hip_avmm_0|c5_hip_ast|altpcie_av_hip_ast_hwtcl|altpcie_av_hip_128bit_atom|g_pcie_xcvr.av_xcvr_pipe_native_hip|inst_av_xcvr_native|inst_av_pma|av_tx_pma|tx_pma_insts[1].av_tx_pma_ch_inst|tx_pma_ch.tx_cgb|cpulseout'
Slack : 2.000
TNS   : 0.000

Type  : Fast 1100mV 85C Model Minimum Pulse Width 'u0|pcie_cv_hip_avmm_0|c5_hip_ast|altpcie_av_hip_ast_hwtcl|altpcie_av_hip_128bit_atom|g_pcie_xcvr.av_xcvr_pipe_native_hip|inst_av_xcvr_native|inst_av_pma|av_tx_pma|tx_pma_insts[1].av_tx_pma_ch_inst|tx_pma_ch.tx_cgb|lfclkpout'
Slack : 2.000
TNS   : 0.000

Type  : Fast 1100mV 85C Model Minimum Pulse Width 'u0|pcie_cv_hip_avmm_0|c5_hip_ast|altpcie_av_hip_ast_hwtcl|altpcie_av_hip_128bit_atom|g_cavhip.arriav_hd_altpe2_hip_top|coreclkout'
Slack : 2.864
TNS   : 0.000

Type  : Fast 1100mV 85C Model Minimum Pulse Width 'u0|pcie_cv_hip_avmm_0|c5_hip_ast|altpcie_av_hip_ast_hwtcl|altpcie_av_hip_128bit_atom|g_pcie_xcvr.av_xcvr_pipe_native_hip|inst_av_xcvr_native|inst_av_pma|av_tx_pma|tx_pma_insts[1].av_tx_pma_ch_inst|tx_pma_ch.tx_cgb|pclkout'
Slack : 4.000
TNS   : 0.000

Type  : Fast 1100mV 85C Model Minimum Pulse Width 'alt_cal_av_edge_detect_clk'
Slack : 4.596
TNS   : 0.000

Type  : Fast 1100mV 85C Model Minimum Pulse Width 'PCIE_REFCLK_p'
Slack : 5.000
TNS   : 0.000

Type  : Fast 1100mV 85C Model Minimum Pulse Width 'u0|pcie_cv_hip_avmm_0|c5_hip_ast|altpcie_av_hip_ast_hwtcl|altpcie_av_hip_128bit_atom|g_pcie_xcvr.av_xcvr_pipe_native_hip|av_xcvr_tx_pll_inst|pll[0].pll.cmu_pll.pll_mux.pll_refclk_select_mux|clkout'
Slack : 5.000
TNS   : 0.000

Type  : Fast 1100mV 85C Model Minimum Pulse Width 'CLOCK_50_B3B'
Slack : 8.794
TNS   : 0.000

Type  : Fast 1100mV 85C Model Minimum Pulse Width 'sv_reconfig_pma_testbus_clk_0'
Slack : 9.261
TNS   : 0.000

Type  : Fast 1100mV 85C Model Minimum Pulse Width 'altera_reserved_tck'
Slack : 14.604
TNS   : 0.000

Type  : Fast 1100mV 0C Model Setup 'u0|pcie_cv_hip_avmm_0|c5_hip_ast|altpcie_av_hip_ast_hwtcl|altpcie_av_hip_128bit_atom|g_cavhip.arriav_hd_altpe2_hip_top|coreclkout'
Slack : 1.178
TNS   : 0.000

Type  : Fast 1100mV 0C Model Setup 'CLOCK_50_B3B'
Slack : 1.215
TNS   : 0.000

Type  : Fast 1100mV 0C Model Setup 'altera_reserved_tck'
Slack : 13.309
TNS   : 0.000

Type  : Fast 1100mV 0C Model Setup 'n/a'
Slack : 14.618
TNS   : 0.000

Type  : Fast 1100mV 0C Model Hold 'altera_reserved_tck'
Slack : 0.027
TNS   : 0.000

Type  : Fast 1100mV 0C Model Hold 'u0|pcie_cv_hip_avmm_0|c5_hip_ast|altpcie_av_hip_ast_hwtcl|altpcie_av_hip_128bit_atom|g_cavhip.arriav_hd_altpe2_hip_top|coreclkout'
Slack : 0.122
TNS   : 0.000

Type  : Fast 1100mV 0C Model Hold 'CLOCK_50_B3B'
Slack : 0.130
TNS   : 0.000

Type  : Fast 1100mV 0C Model Hold 'n/a'
Slack : 12.992
TNS   : 0.000

Type  : Fast 1100mV 0C Model Recovery 'u0|pcie_cv_hip_avmm_0|c5_hip_ast|altpcie_av_hip_ast_hwtcl|altpcie_av_hip_128bit_atom|g_cavhip.arriav_hd_altpe2_hip_top|coreclkout'
Slack : 1.590
TNS   : 0.000

Type  : Fast 1100mV 0C Model Recovery 'CLOCK_50_B3B'
Slack : 2.206
TNS   : 0.000

Type  : Fast 1100mV 0C Model Recovery 'altera_reserved_tck'
Slack : 30.787
TNS   : 0.000

Type  : Fast 1100mV 0C Model Removal 'CLOCK_50_B3B'
Slack : 0.243
TNS   : 0.000

Type  : Fast 1100mV 0C Model Removal 'u0|pcie_cv_hip_avmm_0|c5_hip_ast|altpcie_av_hip_ast_hwtcl|altpcie_av_hip_128bit_atom|g_cavhip.arriav_hd_altpe2_hip_top|coreclkout'
Slack : 0.264
TNS   : 0.000

Type  : Fast 1100mV 0C Model Removal 'altera_reserved_tck'
Slack : 0.357
TNS   : 0.000

Type  : Fast 1100mV 0C Model Minimum Pulse Width 'u0|pcie_cv_hip_avmm_0|c5_hip_ast|altpcie_av_hip_ast_hwtcl|altpcie_av_hip_128bit_atom|g_pcie_xcvr.av_xcvr_pipe_native_hip|av_xcvr_tx_pll_inst|pll[0].pll.cmu_pll.tx_pll|clkcdr'
Slack : 0.400
TNS   : 0.000

Type  : Fast 1100mV 0C Model Minimum Pulse Width 'u0|pcie_cv_hip_avmm_0|c5_hip_ast|altpcie_av_hip_ast_hwtcl|altpcie_av_hip_128bit_atom|g_pcie_xcvr.av_xcvr_pipe_native_hip|inst_av_xcvr_native|inst_av_pma|av_rx_pma|rx_pmas[0].rx_pma.rx_cdr|clk90bdes'
Slack : 0.400
TNS   : 0.000

Type  : Fast 1100mV 0C Model Minimum Pulse Width 'u0|pcie_cv_hip_avmm_0|c5_hip_ast|altpcie_av_hip_ast_hwtcl|altpcie_av_hip_128bit_atom|g_pcie_xcvr.av_xcvr_pipe_native_hip|inst_av_xcvr_native|inst_av_pma|av_rx_pma|rx_pmas[1].rx_pma.rx_cdr|clk90bdes'
Slack : 0.400
TNS   : 0.000

Type  : Fast 1100mV 0C Model Minimum Pulse Width 'u0|pcie_cv_hip_avmm_0|c5_hip_ast|altpcie_av_hip_ast_hwtcl|altpcie_av_hip_128bit_atom|g_pcie_xcvr.av_xcvr_pipe_native_hip|inst_av_xcvr_native|inst_av_pma|av_rx_pma|rx_pmas[2].rx_pma.rx_cdr|clk90bdes'
Slack : 0.400
TNS   : 0.000

Type  : Fast 1100mV 0C Model Minimum Pulse Width 'u0|pcie_cv_hip_avmm_0|c5_hip_ast|altpcie_av_hip_ast_hwtcl|altpcie_av_hip_128bit_atom|g_pcie_xcvr.av_xcvr_pipe_native_hip|inst_av_xcvr_native|inst_av_pma|av_rx_pma|rx_pmas[3].rx_pma.rx_cdr|clk90bdes'
Slack : 0.400
TNS   : 0.000

Type  : Fast 1100mV 0C Model Minimum Pulse Width 'u0|pcie_cv_hip_avmm_0|c5_hip_ast|altpcie_av_hip_ast_hwtcl|altpcie_av_hip_128bit_atom|g_pcie_xcvr.av_xcvr_pipe_native_hip|inst_av_xcvr_native|inst_av_pma|av_tx_pma|tx_pma_insts[0].av_tx_pma_ch_inst|tx_pma_ch.tx_cgb|lfclkp'
Slack : 1.997
TNS   : 0.000

Type  : Fast 1100mV 0C Model Minimum Pulse Width 'u0|pcie_cv_hip_avmm_0|c5_hip_ast|altpcie_av_hip_ast_hwtcl|altpcie_av_hip_128bit_atom|g_pcie_xcvr.av_xcvr_pipe_native_hip|inst_av_xcvr_native|inst_av_pma|av_tx_pma|tx_pma_insts[1].av_tx_pma_ch_inst|tx_pma_ch.tx_cgb|lfclkp'
Slack : 1.997
TNS   : 0.000

Type  : Fast 1100mV 0C Model Minimum Pulse Width 'u0|pcie_cv_hip_avmm_0|c5_hip_ast|altpcie_av_hip_ast_hwtcl|altpcie_av_hip_128bit_atom|g_pcie_xcvr.av_xcvr_pipe_native_hip|inst_av_xcvr_native|inst_av_pma|av_tx_pma|tx_pma_insts[2].av_tx_pma_ch_inst|tx_pma_ch.tx_cgb|lfclkp'
Slack : 1.997
TNS   : 0.000

Type  : Fast 1100mV 0C Model Minimum Pulse Width 'u0|pcie_cv_hip_avmm_0|c5_hip_ast|altpcie_av_hip_ast_hwtcl|altpcie_av_hip_128bit_atom|g_pcie_xcvr.av_xcvr_pipe_native_hip|inst_av_xcvr_native|inst_av_pma|av_tx_pma|tx_pma_insts[3].av_tx_pma_ch_inst|tx_pma_ch.tx_cgb|lfclkp'
Slack : 1.997
TNS   : 0.000

Type  : Fast 1100mV 0C Model Minimum Pulse Width 'u0|pcie_cv_hip_avmm_0|c5_hip_ast|altpcie_av_hip_ast_hwtcl|altpcie_av_hip_128bit_atom|g_pcie_xcvr.av_xcvr_pipe_native_hip|inst_av_xcvr_native|inst_av_pcs|ch[0].inst_av_pcs_ch|inst_av_hssi_8g_rx_pcs|wys|txpmaclk'
Slack : 2.000
TNS   : 0.000

Type  : Fast 1100mV 0C Model Minimum Pulse Width 'u0|pcie_cv_hip_avmm_0|c5_hip_ast|altpcie_av_hip_ast_hwtcl|altpcie_av_hip_128bit_atom|g_pcie_xcvr.av_xcvr_pipe_native_hip|inst_av_xcvr_native|inst_av_pcs|ch[0].inst_av_pcs_ch|inst_av_hssi_8g_tx_pcs|wys|txpmalocalclk'
Slack : 2.000
TNS   : 0.000

Type  : Fast 1100mV 0C Model Minimum Pulse Width 'u0|pcie_cv_hip_avmm_0|c5_hip_ast|altpcie_av_hip_ast_hwtcl|altpcie_av_hip_128bit_atom|g_pcie_xcvr.av_xcvr_pipe_native_hip|inst_av_xcvr_native|inst_av_pcs|ch[1].inst_av_pcs_ch|inst_av_hssi_8g_rx_pcs|wys|txpmaclk'
Slack : 2.000
TNS   : 0.000

Type  : Fast 1100mV 0C Model Minimum Pulse Width 'u0|pcie_cv_hip_avmm_0|c5_hip_ast|altpcie_av_hip_ast_hwtcl|altpcie_av_hip_128bit_atom|g_pcie_xcvr.av_xcvr_pipe_native_hip|inst_av_xcvr_native|inst_av_pcs|ch[1].inst_av_pcs_ch|inst_av_hssi_8g_tx_pcs|wys|txpmalocalclk'
Slack : 2.000
TNS   : 0.000

Type  : Fast 1100mV 0C Model Minimum Pulse Width 'u0|pcie_cv_hip_avmm_0|c5_hip_ast|altpcie_av_hip_ast_hwtcl|altpcie_av_hip_128bit_atom|g_pcie_xcvr.av_xcvr_pipe_native_hip|inst_av_xcvr_native|inst_av_pcs|ch[2].inst_av_pcs_ch|inst_av_hssi_8g_rx_pcs|wys|txpmaclk'
Slack : 2.000
TNS   : 0.000

Type  : Fast 1100mV 0C Model Minimum Pulse Width 'u0|pcie_cv_hip_avmm_0|c5_hip_ast|altpcie_av_hip_ast_hwtcl|altpcie_av_hip_128bit_atom|g_pcie_xcvr.av_xcvr_pipe_native_hip|inst_av_xcvr_native|inst_av_pcs|ch[2].inst_av_pcs_ch|inst_av_hssi_8g_tx_pcs|wys|txpmalocalclk'
Slack : 2.000
TNS   : 0.000

Type  : Fast 1100mV 0C Model Minimum Pulse Width 'u0|pcie_cv_hip_avmm_0|c5_hip_ast|altpcie_av_hip_ast_hwtcl|altpcie_av_hip_128bit_atom|g_pcie_xcvr.av_xcvr_pipe_native_hip|inst_av_xcvr_native|inst_av_pcs|ch[3].inst_av_pcs_ch|inst_av_hssi_8g_rx_pcs|wys|txpmaclk'
Slack : 2.000
TNS   : 0.000

Type  : Fast 1100mV 0C Model Minimum Pulse Width 'u0|pcie_cv_hip_avmm_0|c5_hip_ast|altpcie_av_hip_ast_hwtcl|altpcie_av_hip_128bit_atom|g_pcie_xcvr.av_xcvr_pipe_native_hip|inst_av_xcvr_native|inst_av_pcs|ch[3].inst_av_pcs_ch|inst_av_hssi_8g_tx_pcs|wys|txpmalocalclk'
Slack : 2.000
TNS   : 0.000

Type  : Fast 1100mV 0C Model Minimum Pulse Width 'u0|pcie_cv_hip_avmm_0|c5_hip_ast|altpcie_av_hip_ast_hwtcl|altpcie_av_hip_128bit_atom|g_pcie_xcvr.av_xcvr_pipe_native_hip|inst_av_xcvr_native|inst_av_pma|av_rx_pma|rx_pmas[0].rx_pma.rx_pma_deser|clk90b'
Slack : 2.000
TNS   : 0.000

Type  : Fast 1100mV 0C Model Minimum Pulse Width 'u0|pcie_cv_hip_avmm_0|c5_hip_ast|altpcie_av_hip_ast_hwtcl|altpcie_av_hip_128bit_atom|g_pcie_xcvr.av_xcvr_pipe_native_hip|inst_av_xcvr_native|inst_av_pma|av_rx_pma|rx_pmas[1].rx_pma.rx_pma_deser|clk90b'
Slack : 2.000
TNS   : 0.000

Type  : Fast 1100mV 0C Model Minimum Pulse Width 'u0|pcie_cv_hip_avmm_0|c5_hip_ast|altpcie_av_hip_ast_hwtcl|altpcie_av_hip_128bit_atom|g_pcie_xcvr.av_xcvr_pipe_native_hip|inst_av_xcvr_native|inst_av_pma|av_rx_pma|rx_pmas[2].rx_pma.rx_pma_deser|clk90b'
Slack : 2.000
TNS   : 0.000

Type  : Fast 1100mV 0C Model Minimum Pulse Width 'u0|pcie_cv_hip_avmm_0|c5_hip_ast|altpcie_av_hip_ast_hwtcl|altpcie_av_hip_128bit_atom|g_pcie_xcvr.av_xcvr_pipe_native_hip|inst_av_xcvr_native|inst_av_pma|av_rx_pma|rx_pmas[3].rx_pma.rx_pma_deser|clk90b'
Slack : 2.000
TNS   : 0.000

Type  : Fast 1100mV 0C Model Minimum Pulse Width 'u0|pcie_cv_hip_avmm_0|c5_hip_ast|altpcie_av_hip_ast_hwtcl|altpcie_av_hip_128bit_atom|g_pcie_xcvr.av_xcvr_pipe_native_hip|inst_av_xcvr_native|inst_av_pma|av_tx_pma|tx_pma_insts[1].av_tx_pma_ch_inst|tx_pma_ch.tx_cgb|cpulseout'
Slack : 2.000
TNS   : 0.000

Type  : Fast 1100mV 0C Model Minimum Pulse Width 'u0|pcie_cv_hip_avmm_0|c5_hip_ast|altpcie_av_hip_ast_hwtcl|altpcie_av_hip_128bit_atom|g_pcie_xcvr.av_xcvr_pipe_native_hip|inst_av_xcvr_native|inst_av_pma|av_tx_pma|tx_pma_insts[1].av_tx_pma_ch_inst|tx_pma_ch.tx_cgb|lfclkpout'
Slack : 2.000
TNS   : 0.000

Type  : Fast 1100mV 0C Model Minimum Pulse Width 'u0|pcie_cv_hip_avmm_0|c5_hip_ast|altpcie_av_hip_ast_hwtcl|altpcie_av_hip_128bit_atom|g_cavhip.arriav_hd_altpe2_hip_top|coreclkout'
Slack : 2.880
TNS   : 0.000

Type  : Fast 1100mV 0C Model Minimum Pulse Width 'u0|pcie_cv_hip_avmm_0|c5_hip_ast|altpcie_av_hip_ast_hwtcl|altpcie_av_hip_128bit_atom|g_pcie_xcvr.av_xcvr_pipe_native_hip|inst_av_xcvr_native|inst_av_pma|av_tx_pma|tx_pma_insts[1].av_tx_pma_ch_inst|tx_pma_ch.tx_cgb|pclkout'
Slack : 4.000
TNS   : 0.000

Type  : Fast 1100mV 0C Model Minimum Pulse Width 'alt_cal_av_edge_detect_clk'
Slack : 4.612
TNS   : 0.000

Type  : Fast 1100mV 0C Model Minimum Pulse Width 'PCIE_REFCLK_p'
Slack : 5.000
TNS   : 0.000

Type  : Fast 1100mV 0C Model Minimum Pulse Width 'u0|pcie_cv_hip_avmm_0|c5_hip_ast|altpcie_av_hip_ast_hwtcl|altpcie_av_hip_128bit_atom|g_pcie_xcvr.av_xcvr_pipe_native_hip|av_xcvr_tx_pll_inst|pll[0].pll.cmu_pll.pll_mux.pll_refclk_select_mux|clkout'
Slack : 5.000
TNS   : 0.000

Type  : Fast 1100mV 0C Model Minimum Pulse Width 'CLOCK_50_B3B'
Slack : 8.800
TNS   : 0.000

Type  : Fast 1100mV 0C Model Minimum Pulse Width 'sv_reconfig_pma_testbus_clk_0'
Slack : 9.257
TNS   : 0.000

Type  : Fast 1100mV 0C Model Minimum Pulse Width 'altera_reserved_tck'
Slack : 14.587
TNS   : 0.000

------------------------------------------------------------
